Component: ARM Compiler 5.06 update 6 (build 750) Tool: armlink [4d35ed]

==============================================================================

Section Cross References

    startup_stm32f746xx.o(RESET) refers to startup_stm32f746xx.o(STACK) for __initial_sp
    startup_stm32f746xx.o(RESET) refers to startup_stm32f746xx.o(.text) for Reset_Handler
    startup_stm32f746xx.o(RESET) refers to stm32f7xx_it.o(i.NMI_Handler) for NMI_Handler
    startup_stm32f746xx.o(RESET) refers to stm32f7xx_it.o(i.HardFault_Handler) for HardFault_Handler
    startup_stm32f746xx.o(RESET) refers to stm32f7xx_it.o(i.MemManage_Handler) for MemManage_Handler
    startup_stm32f746xx.o(RESET) refers to stm32f7xx_it.o(i.BusFault_Handler) for BusFault_Handler
    startup_stm32f746xx.o(RESET) refers to stm32f7xx_it.o(i.UsageFault_Handler) for UsageFault_Handler
    startup_stm32f746xx.o(RESET) refers to stm32f7xx_it.o(i.SVC_Handler) for SVC_Handler
    startup_stm32f746xx.o(RESET) refers to stm32f7xx_it.o(i.DebugMon_Handler) for DebugMon_Handler
    startup_stm32f746xx.o(RESET) refers to stm32f7xx_it.o(i.PendSV_Handler) for PendSV_Handler
    startup_stm32f746xx.o(RESET) refers to stm32f7xx_it.o(i.SysTick_Handler) for SysTick_Handler
    startup_stm32f746xx.o(RESET) refers to stm32f7xx_it.o(i.TIM2_IRQHandler) for TIM2_IRQHandler
    startup_stm32f746xx.o(RESET) refers to stm32f7xx_it.o(i.EXTI15_10_IRQHandler) for EXTI15_10_IRQHandler
    startup_stm32f746xx.o(.text) refers to system_stm32f7xx.o(i.SystemInit) for SystemInit
    startup_stm32f746xx.o(.text) refers to entry.o(.ARM.Collect$$$$00000000) for __main
    main.o(i.HAL_GPIO_EXTI_Callback) refers to stm32746g_discovery_lcd.o(i.BSP_LCD_Clear) for BSP_LCD_Clear
    main.o(i.HAL_GPIO_EXTI_Callback) refers to stm32746g_discovery_lcd.o(i.BSP_LCD_DisplayStringAt) for BSP_LCD_DisplayStringAt
    main.o(i.HAL_GPIO_EXTI_Callback) refers to main.o(.data) for .data
    main.o(i.HAL_TIM_PeriodElapsedCallback) refers to main.o(i.ball_touch_plat) for ball_touch_plat
    main.o(i.HAL_TIM_PeriodElapsedCallback) refers to stm32746g_discovery_lcd.o(i.BSP_LCD_DisplayStringAt) for BSP_LCD_DisplayStringAt
    main.o(i.HAL_TIM_PeriodElapsedCallback) refers to main.o(i.ball_move) for ball_move
    main.o(i.HAL_TIM_PeriodElapsedCallback) refers to main.o(i.ball_touch) for ball_touch
    main.o(i.HAL_TIM_PeriodElapsedCallback) refers to main.o(i.left_plat) for left_plat
    main.o(i.HAL_TIM_PeriodElapsedCallback) refers to main.o(i.right_plat) for right_plat
    main.o(i.HAL_TIM_PeriodElapsedCallback) refers to main.o(.data) for .data
    main.o(i.HAL_TIM_PeriodElapsedCallback) refers to main.o(.bss) for .bss
    main.o(i.MX_FMC_Init) refers to memseta.o(.text) for __aeabi_memclr4
    main.o(i.MX_FMC_Init) refers to stm32f7xx_hal_sdram.o(i.HAL_SDRAM_Init) for HAL_SDRAM_Init
    main.o(i.MX_FMC_Init) refers to main.o(.bss) for .bss
    main.o(i.MX_GPIO_Init) refers to memseta.o(.text) for __aeabi_memclr4
    main.o(i.MX_GPIO_Init) refers to stm32f7xx_hal_gpio.o(i.HAL_GPIO_WritePin) for HAL_GPIO_WritePin
    main.o(i.MX_GPIO_Init) refers to stm32f7xx_hal_gpio.o(i.HAL_GPIO_Init) for HAL_GPIO_Init
    main.o(i.MX_GPIO_Init) refers to stm32f7xx_hal_cortex.o(i.HAL_NVIC_SetPriority) for HAL_NVIC_SetPriority
    main.o(i.MX_GPIO_Init) refers to stm32f7xx_hal_cortex.o(i.HAL_NVIC_EnableIRQ) for HAL_NVIC_EnableIRQ
    main.o(i.MX_LTDC_Init) refers to memseta.o(.text) for __aeabi_memclr4
    main.o(i.MX_LTDC_Init) refers to stm32f7xx_hal_ltdc.o(i.HAL_LTDC_Init) for HAL_LTDC_Init
    main.o(i.MX_LTDC_Init) refers to stm32f7xx_hal_ltdc.o(i.HAL_LTDC_ConfigLayer) for HAL_LTDC_ConfigLayer
    main.o(i.MX_LTDC_Init) refers to main.o(.bss) for .bss
    main.o(i.MX_TIM1_Init) refers to stm32f7xx_hal_tim.o(i.HAL_TIM_Base_Init) for HAL_TIM_Base_Init
    main.o(i.MX_TIM1_Init) refers to stm32f7xx_hal_tim.o(i.HAL_TIM_ConfigClockSource) for HAL_TIM_ConfigClockSource
    main.o(i.MX_TIM1_Init) refers to stm32f7xx_hal_tim_ex.o(i.HAL_TIMEx_MasterConfigSynchronization) for HAL_TIMEx_MasterConfigSynchronization
    main.o(i.MX_TIM1_Init) refers to main.o(.bss) for .bss
    main.o(i.MX_TIM2_Init) refers to stm32f7xx_hal_tim.o(i.HAL_TIM_Base_Init) for HAL_TIM_Base_Init
    main.o(i.MX_TIM2_Init) refers to stm32f7xx_hal_tim.o(i.HAL_TIM_ConfigClockSource) for HAL_TIM_ConfigClockSource
    main.o(i.MX_TIM2_Init) refers to stm32f7xx_hal_tim_ex.o(i.HAL_TIMEx_MasterConfigSynchronization) for HAL_TIMEx_MasterConfigSynchronization
    main.o(i.MX_TIM2_Init) refers to main.o(.bss) for .bss
    main.o(i.MX_USART1_UART_Init) refers to stm32f7xx_hal_uart.o(i.HAL_UART_Init) for HAL_UART_Init
    main.o(i.MX_USART1_UART_Init) refers to main.o(.bss) for .bss
    main.o(i.SystemClock_Config) refers to memseta.o(.text) for __aeabi_memclr4
    main.o(i.SystemClock_Config) refers to stm32f7xx_hal_rcc.o(i.HAL_RCC_OscConfig) for HAL_RCC_OscConfig
[...]
    ..\Drivers\STM32F7xx_HAL_Driver\Src\stm32f7xx_hal_rcc.c 0x00000000   Number         0  stm32f7xx_hal_rcc.o ABSOLUTE
    ..\Drivers\STM32F7xx_HAL_Driver\Src\stm32f7xx_hal_rcc_ex.c 0x00000000   Number         0  stm32f7xx_hal_rcc_ex.o ABSOLUTE
    ..\Drivers\STM32F7xx_HAL_Driver\Src\stm32f7xx_hal_sdram.c 0x00000000   Number         0  stm32f7xx_hal_sdram.o ABSOLUTE
    ..\Drivers\STM32F7xx_HAL_Driver\Src\stm32f7xx_hal_tim.c 0x00000000   Number         0  stm32f7xx_hal_tim.o ABSOLUTE
    ..\Drivers\STM32F7xx_HAL_Driver\Src\stm32f7xx_hal_tim_ex.c 0x00000000   Number         0  stm32f7xx_hal_tim_ex.o ABSOLUTE
    ..\Drivers\STM32F7xx_HAL_Driver\Src\stm32f7xx_hal_uart.c 0x00000000   Number         0  stm32f7xx_hal_uart.o ABSOLUTE
    ..\Drivers\STM32F7xx_HAL_Driver\Src\stm32f7xx_hal_uart_ex.c 0x00000000   Number         0  stm32f7xx_hal_uart_ex.o ABSOLUTE
    ..\Drivers\STM32F7xx_HAL_Driver\Src\stm32f7xx_ll_fmc.c 0x00000000   Number         0  stm32f7xx_ll_fmc.o ABSOLUTE
    ..\Src\main.c                            0x00000000   Number         0  main.o ABSOLUTE
    ..\Src\stm32f7xx_hal_msp.c               0x00000000   Number         0  stm32f7xx_hal_msp.o ABSOLUTE
    ..\Src\stm32f7xx_it.c                    0x00000000   Number         0  stm32f7xx_it.o ABSOLUTE
    ..\Src\system_stm32f7xx.c                0x00000000   Number         0  system_stm32f7xx.o ABSOLUTE
    ..\\..\\..\\..\\..\\STM32Cube\\Repository\\STM32Cube_FW_F7_V1.15.0\\Drivers\\BSP\\STM32746G-Discovery\\stm32746g_discovery.c 0x00000000   Number         0  stm32746g_discovery.o ABSOLUTE
    ..\\..\\..\\..\\..\\STM32Cube\\Repository\\STM32Cube_FW_F7_V1.15.0\\Drivers\\BSP\\STM32746G-Discovery\\stm32746g_discovery_lcd.c 0x00000000   Number         0  stm32746g_discovery_lcd.o ABSOLUTE
    ..\\..\\..\\..\\..\\STM32Cube\\Repository\\STM32Cube_FW_F7_V1.15.0\\Drivers\\BSP\\STM32746G-Discovery\\stm32746g_discovery_sdram.c 0x00000000   Number         0  stm32746g_discovery_sdram.o ABSOLUTE
    ..\\..\\..\\..\\..\\STM32Cube\\Repository\\STM32Cube_FW_F7_V1.15.0\\Drivers\\BSP\\STM32746G-Discovery\\stm32746g_discovery_ts.c 0x00000000   Number         0  stm32746g_discovery_ts.o ABSOLUTE
    dc.s                                     0x00000000   Number         0  dc.o ABSOLUTE
    handlers.s                               0x00000000   Number         0  handlers.o ABSOLUTE
    init.s                                   0x00000000   Number         0  init.o ABSOLUTE
    startup_stm32f746xx.s                    0x00000000   Number         0  startup_stm32f746xx.o ABSOLUTE
    RESET                                    0x08000000   Section      456  startup_stm32f746xx.o(RESET)
    .ARM.Collect$$$$00000000                 0x080001c8   Section        0  entry.o(.ARM.Collect$$$$00000000)
    .ARM.Collect$$$$00000001                 0x080001c8   Section        4  entry2.o(.ARM.Collect$$$$00000001)
    .ARM.Collect$$$$00000004                 0x080001cc   Section        4  entry5.o(.ARM.Collect$$$$00000004)
    .ARM.Collect$$$$00000008                 0x080001d0   Section        0  entry7b.o(.ARM.Collect$$$$00000008)
    .ARM.Collect$$$$0000000A                 0x080001d0   Section        0  entry8b.o(.ARM.Collect$$$$0000000A)
    .ARM.Collect$$$$0000000B                 0x080001d0   Section        8  entry9a.o(.ARM.Collect$$$$0000000B)
    .ARM.Collect$$$$0000000D                 0x080001d8   Section        0  entry10a.o(.ARM.Collect$$$$0000000D)
    .ARM.Collect$$$$0000000F                 0x080001d8   Section        0  entry11a.o(.ARM.Collect$$$$0000000F)
    .ARM.Collect$$$$00002712                 0x080001d8   Section        4  entry2.o(.ARM.Collect$$$$00002712)
    __lit__00000000                          0x080001d8   Data           4  entry2.o(.ARM.Collect$$$$00002712)
    .text                                    0x080001dc   Section       36  startup_stm32f746xx.o(.text)
    $v0                                      0x080001dc   Number         0  startup_stm32f746xx.o(.text)
    .text                                    0x08000200   Section        0  uldiv.o(.text)
    .text                                    0x08000264   Section        0  rand.o(.text)
    .text                                    0x08000288   Section        0  memcpya.o(.text)
    .text                                    0x080002ac   Section        0  memseta.o(.text)
    .text                                    0x080002d0   Section        0  llshl.o(.text)
    .text                                    0x080002ee   Section        0  llushr.o(.text)
    .text                                    0x08000310   Section       36  init.o(.text)
    i.BSP_LCD_Clear                          0x08000334   Section        0  stm32746g_discovery_lcd.o(i.BSP_LCD_Clear)
    i.BSP_LCD_ClockConfig                    0x0800036c   Section        0  stm32746g_discovery_lcd.o(i.BSP_LCD_ClockConfig)
    i.BSP_LCD_DisplayChar                    0x0800038c   Section        0  stm32746g_discovery_lcd.o(i.BSP_LCD_DisplayChar)
    i.BSP_LCD_DisplayOn                      0x080003c0   Section        0  stm32746g_discovery_lcd.o(i.BSP_LCD_DisplayOn)
    i.BSP_LCD_DisplayStringAt                0x080003f4   Section        0  stm32746g_discovery_lcd.o(i.BSP_LCD_DisplayStringAt)
    i.BSP_LCD_DrawCircle                     0x080004bc   Section        0  stm32746g_discovery_lcd.o(i.BSP_LCD_DrawCircle)
    i.BSP_LCD_DrawHLine                      0x080005d4   Section        0  stm32746g_discovery_lcd.o(i.BSP_LCD_DrawHLine)
    i.BSP_LCD_DrawPixel                      0x08000650   Section        0  stm32746g_discovery_lcd.o(i.BSP_LCD_DrawPixel)
    i.BSP_LCD_FillCircle                     0x080006b4   Section        0  stm32746g_discovery_lcd.o(i.BSP_LCD_FillCircle)
    i.BSP_LCD_FillRect                       0x08000778   Section        0  stm32746g_discovery_lcd.o(i.BSP_LCD_FillRect)
    i.BSP_LCD_GetXSize                       0x08000814   Section        0  stm32746g_discovery_lcd.o(i.BSP_LCD_GetXSize)
    i.BSP_LCD_GetYSize                       0x08000834   Section        0  stm32746g_discovery_lcd.o(i.BSP_LCD_GetYSize)
    i.BSP_LCD_Init                           0x08000854   Section        0  stm32746g_discovery_lcd.o(i.BSP_LCD_Init)
    i.BSP_LCD_LayerDefaultInit               0x080008f8   Section        0  stm32746g_discovery_lcd.o(i.BSP_LCD_LayerDefaultInit)
    i.BSP_LCD_MspInit                        0x08000970   Section        0  stm32746g_discovery_lcd.o(i.BSP_LCD_MspInit)
    i.BSP_LCD_SelectLayer                    0x08000aa8   Section        0  stm32746g_discovery_lcd.o(i.BSP_LCD_SelectLayer)
    i.BSP_LCD_SetBackColor                   0x08000ab4   Section        0  stm32746g_discovery_lcd.o(i.BSP_LCD_SetBackColor)
    i.BSP_LCD_SetFont                        0x08000ad0   Section        0  stm32746g_discovery_lcd.o(i.BSP_LCD_SetFont)
    i.BSP_LCD_SetTextColor                   0x08000aec   Section        0  stm32746g_discovery_lcd.o(i.BSP_LCD_SetTextColor)
    i.BSP_SDRAM_Init                         0x08000b04   Section        0  stm32746g_discovery_sdram.o(i.BSP_SDRAM_Init)
    i.BSP_SDRAM_Initialization_sequence      0x08000b7c   Section        0  stm32746g_discovery_sdram.o(i.BSP_SDRAM_Initialization_sequence)
    i.BSP_SDRAM_MspInit                      0x08000c08   Section        0  stm32746g_discovery_sdram.o(i.BSP_SDRAM_MspInit)
    i.BSP_TS_GetState                        0x08000d70   Section        0  stm32746g_discovery_ts.o(i.BSP_TS_GetState)
    i.BSP_TS_Get_GestureId                   0x08000ee0   Section        0  stm32746g_discovery_ts.o(i.BSP_TS_Get_GestureId)
    i.BSP_TS_Init                            0x08000f3c   Section        0  stm32746g_discovery_ts.o(i.BSP_TS_Init)
    i.BusFault_Handler                       0x08000f78   Section        0  stm32f7xx_it.o(i.BusFault_Handler)
    i.DMA2D_SetConfig                        0x08000f7a   Section        0  stm32f7xx_hal_dma2d.o(i.DMA2D_SetConfig)
    DMA2D_SetConfig                          0x08000f7b   Thumb Code   146  stm32f7xx_hal_dma2d.o(i.DMA2D_SetConfig)
    i.DMA_CalcBaseAndBitshift                0x0800100c   Section        0  stm32f7xx_hal_dma.o(i.DMA_CalcBaseAndBitshift)
    DMA_CalcBaseAndBitshift                  0x0800100d   Thumb Code    34  stm32f7xx_hal_dma.o(i.DMA_CalcBaseAndBitshift)
    i.DMA_CheckFifoParam                     0x08001034   Section        0  stm32f7xx_hal_dma.o(i.DMA_CheckFifoParam)
    DMA_CheckFifoParam                       0x08001035   Thumb Code    84  stm32f7xx_hal_dma.o(i.DMA_CheckFifoParam)
    i.DebugMon_Handler                       0x08001088   Section        0  stm32f7xx_it.o(i.DebugMon_Handler)
    i.DrawChar                               0x0800108c   Section        0  stm32746g_discovery_lcd.o(i.DrawChar)
    DrawChar                                 0x0800108d   Thumb Code   168  stm32746g_discovery_lcd.o(i.DrawChar)
    i.EXTI15_10_IRQHandler                   0x0800113c   Section        0  stm32f7xx_it.o(i.EXTI15_10_IRQHandler)
    i.FMC_SDRAM_Init                         0x08001144   Section        0  stm32f7xx_ll_fmc.o(i.FMC_SDRAM_Init)
    i.FMC_SDRAM_ProgramRefreshRate           0x080011a2   Section        0  stm32f7xx_ll_fmc.o(i.FMC_SDRAM_ProgramRefreshRate)
    i.FMC_SDRAM_SendCommand                  0x080011ae   Section        0  stm32f7xx_ll_fmc.o(i.FMC_SDRAM_SendCommand)
    i.FMC_SDRAM_Timing_Init                  0x080011d0   Section        0  stm32f7xx_ll_fmc.o(i.FMC_SDRAM_Timing_Init)
    i.HAL_CRCEx_Polynomial_Set               0x0800125c   Section        0  stm32f7xx_hal_crc_ex.o(i.HAL_CRCEx_Polynomial_Set)
    i.HAL_CRC_Init                           0x080012ac   Section        0  stm32f7xx_hal_crc.o(i.HAL_CRC_Init)
    i.HAL_CRC_MspInit                        0x08001324   Section        0  stm32f7xx_hal_msp.o(i.HAL_CRC_MspInit)
    i.HAL_DMA2D_ConfigLayer                  0x0800134c   Section        0  stm32f7xx_hal_dma2d.o(i.HAL_DMA2D_ConfigLayer)
    i.HAL_DMA2D_Init                         0x080013ec   Section        0  stm32f7xx_hal_dma2d.o(i.HAL_DMA2D_Init)
    i.HAL_DMA2D_MspInit                      0x08001448   Section        0  stm32f7xx_hal_msp.o(i.HAL_DMA2D_MspInit)
    i.HAL_DMA2D_PollForTransfer              0x08001470   Section        0  stm32f7xx_hal_dma2d.o(i.HAL_DMA2D_PollForTransfer)
    i.HAL_DMA2D_Start                        0x0800157e   Section        0  stm32f7xx_hal_dma2d.o(i.HAL_DMA2D_Start)
    i.HAL_DMA_DeInit                         0x080015b2   Section        0  stm32f7xx_hal_dma.o(i.HAL_DMA_DeInit)
    i.HAL_DMA_Init                           0x08001614   Section        0  stm32f7xx_hal_dma.o(i.HAL_DMA_Init)
    i.HAL_Delay                              0x080016f8   Section        0  stm32f7xx_hal.o(i.HAL_Delay)
    i.HAL_FMC_MspInit                        0x0800171c   Section        0  stm32f7xx_hal_msp.o(i.HAL_FMC_MspInit)
    HAL_FMC_MspInit                          0x0800171d   Thumb Code   146  stm32f7xx_hal_msp.o(i.HAL_FMC_MspInit)
    i.HAL_GPIO_EXTI_Callback                 0x080017d0   Section        0  main.o(i.HAL_GPIO_EXTI_Callback)
    i.HAL_GPIO_EXTI_IRQHandler               0x0800185c   Section        0  stm32f7xx_hal_gpio.o(i.HAL_GPIO_EXTI_IRQHandler)
    i.HAL_GPIO_Init                          0x08001874   Section        0  stm32f7xx_hal_gpio.o(i.HAL_GPIO_Init)
    i.HAL_GPIO_WritePin                      0x08001a4c   Section        0  stm32f7xx_hal_gpio.o(i.HAL_GPIO_WritePin)
    i.HAL_GetTick                            0x08001a58   Section        0  stm32f7xx_hal.o(i.HAL_GetTick)
    i.HAL_I2C_DeInit                         0x08001a64   Section        0  stm32f7xx_hal_i2c.o(i.HAL_I2C_DeInit)
    i.HAL_I2C_GetState                       0x08001a98   Section        0  stm32f7xx_hal_i2c.o(i.HAL_I2C_GetState)
    i.HAL_I2C_Init                           0x08001aa0   Section        0  stm32f7xx_hal_i2c.o(i.HAL_I2C_Init)
    i.HAL_I2C_Mem_Read                       0x08001b58   Section        0  stm32f7xx_hal_i2c.o(i.HAL_I2C_Mem_Read)
    i.HAL_I2C_Mem_Write                      0x08001cbc   Section        0  stm32f7xx_hal_i2c.o(i.HAL_I2C_Mem_Write)
    i.HAL_I2C_MspDeInit                      0x08001e14   Section        0  stm32f7xx_hal_i2c.o(i.HAL_I2C_MspDeInit)
    i.HAL_I2C_MspInit                        0x08001e16   Section        0  stm32f7xx_hal_i2c.o(i.HAL_I2C_MspInit)
    i.HAL_IncTick                            0x08001e18   Section        0  stm32f7xx_hal.o(i.HAL_IncTick)
    i.HAL_Init                               0x08001e28   Section        0  stm32f7xx_hal.o(i.HAL_Init)
    i.HAL_InitTick                           0x08001e40   Section        0  stm32f7xx_hal.o(i.HAL_InitTick)
    i.HAL_LTDC_ConfigLayer                   0x08001e80   Section        0  stm32f7xx_hal_ltdc.o(i.HAL_LTDC_ConfigLayer)
    i.HAL_LTDC_GetState                      0x08001ed2   Section        0  stm32f7xx_hal_ltdc.o(i.HAL_LTDC_GetState)
    i.HAL_LTDC_Init                          0x08001ed8   Section        0  stm32f7xx_hal_ltdc.o(i.HAL_LTDC_Init)
    i.HAL_LTDC_MspInit                       0x08001fd0   Section        0  stm32f7xx_hal_msp.o(i.HAL_LTDC_MspInit)
    i.HAL_MspInit                            0x080020dc   Section        0  stm32f7xx_hal_msp.o(i.HAL_MspInit)
    i.HAL_NVIC_EnableIRQ                     0x0800210c   Section        0  stm32f7xx_hal_cortex.o(i.HAL_NVIC_EnableIRQ)
    i.HAL_NVIC_SetPriority                   0x08002128   Section        0  stm32f7xx_hal_cortex.o(i.HAL_NVIC_SetPriority)
    i.HAL_NVIC_SetPriorityGrouping           0x08002168   Section        0  stm32f7xx_hal_cortex.o(i.HAL_NVIC_SetPriorityGrouping)
    i.HAL_RCCEx_PeriphCLKConfig              0x0800218c   Section        0  stm32f7xx_hal_rcc_ex.o(i.HAL_RCCEx_PeriphCLKConfig)
    i.HAL_RCC_ClockConfig                    0x08002688   Section        0  stm32f7xx_hal_rcc.o(i.HAL_RCC_ClockConfig)
    i.HAL_RCC_GetPCLK1Freq                   0x080027b4   Section        0  stm32f7xx_hal_rcc.o(i.HAL_RCC_GetPCLK1Freq)
    i.HAL_RCC_GetPCLK2Freq                   0x080027d4   Section        0  stm32f7xx_hal_rcc.o(i.HAL_RCC_GetPCLK2Freq)
    i.HAL_RCC_GetSysClockFreq                0x080027f4   Section        0  stm32f7xx_hal_rcc.o(i.HAL_RCC_GetSysClockFreq)
    i.HAL_RCC_OscConfig                      0x08002858   Section        0  stm32f7xx_hal_rcc.o(i.HAL_RCC_OscConfig)
    i.HAL_SDRAM_Init                         0x08002b90   Section        0  stm32f7xx_hal_sdram.o(i.HAL_SDRAM_Init)
    i.HAL_SDRAM_MspInit                      0x08002bd2   Section        0  stm32f7xx_hal_msp.o(i.HAL_SDRAM_MspInit)
    i.HAL_SDRAM_ProgramRefreshRate           0x08002bd6   Section        0  stm32f7xx_hal_sdram.o(i.HAL_SDRAM_ProgramRefreshRate)
    i.HAL_SDRAM_SendCommand                  0x08002bf8   Section        0  stm32f7xx_hal_sdram.o(i.HAL_SDRAM_SendCommand)
    i.HAL_SYSTICK_Config                     0x08002c28   Section        0  stm32f7xx_hal_cortex.o(i.HAL_SYSTICK_Config)
    i.HAL_TIMEx_Break2Callback               0x08002c4e   Section        0  stm32f7xx_hal_tim_ex.o(i.HAL_TIMEx_Break2Callback)
    i.HAL_TIMEx_BreakCallback                0x08002c50   Section        0  stm32f7xx_hal_tim_ex.o(i.HAL_TIMEx_BreakCallback)
    i.HAL_TIMEx_CommutCallback               0x08002c52   Section        0  stm32f7xx_hal_tim_ex.o(i.HAL_TIMEx_CommutCallback)
    i.HAL_TIMEx_MasterConfigSynchronization  0x08002c54   Section        0  stm32f7xx_hal_tim_ex.o(i.HAL_TIMEx_MasterConfigSynchronization)
    i.HAL_TIM_Base_Init                      0x08002cb4   Section        0  stm32f7xx_hal_tim.o(i.HAL_TIM_Base_Init)
    i.HAL_TIM_Base_MspInit                   0x08002cec   Section        0  stm32f7xx_hal_msp.o(i.HAL_TIM_Base_MspInit)
    i.HAL_TIM_Base_Start_IT                  0x08002da4   Section        0  stm32f7xx_hal_tim.o(i.HAL_TIM_Base_Start_IT)
    i.HAL_TIM_ConfigClockSource              0x08002dd0   Section        0  stm32f7xx_hal_tim.o(i.HAL_TIM_ConfigClockSource)
    i.HAL_TIM_IC_CaptureCallback             0x08002eac   Section        0  stm32f7xx_hal_tim.o(i.HAL_TIM_IC_CaptureCallback)
    i.HAL_TIM_IRQHandler                     0x08002eae   Section        0  stm32f7xx_hal_tim.o(i.HAL_TIM_IRQHandler)
    i.HAL_TIM_OC_DelayElapsedCallback        0x08003030   Section        0  stm32f7xx_hal_tim.o(i.HAL_TIM_OC_DelayElapsedCallback)
    i.HAL_TIM_PWM_PulseFinishedCallback      0x08003032   Section        0  stm32f7xx_hal_tim.o(i.HAL_TIM_PWM_PulseFinishedCallback)
    i.HAL_TIM_PeriodElapsedCallback          0x08003034   Section        0  main.o(i.HAL_TIM_PeriodElapsedCallback)
    i.HAL_TIM_TriggerCallback                0x08003094   Section        0  stm32f7xx_hal_tim.o(i.HAL_TIM_TriggerCallback)
    i.HAL_UART_Init                          0x08003096   Section        0  stm32f7xx_hal_uart.o(i.HAL_UART_Init)
    i.HAL_UART_MspInit                       0x080030fc   Section        0  stm32f7xx_hal_msp.o(i.HAL_UART_MspInit)
    i.HardFault_Handler                      0x0800318c   Section        0  stm32f7xx_it.o(i.HardFault_Handler)
    i.I2C_Flush_TXDR                         0x0800318e   Section        0  stm32f7xx_hal_i2c.o(i.I2C_Flush_TXDR)
    I2C_Flush_TXDR                           0x0800318f   Thumb Code    34  stm32f7xx_hal_i2c.o(i.I2C_Flush_TXDR)
    i.I2C_IsAcknowledgeFailed                0x080031b0   Section        0  stm32f7xx_hal_i2c.o(i.I2C_IsAcknowledgeFailed)
    I2C_IsAcknowledgeFailed                  0x080031b1   Thumb Code   132  stm32f7xx_hal_i2c.o(i.I2C_IsAcknowledgeFailed)
    i.I2C_RequestMemoryRead                  0x08003238   Section        0  stm32f7xx_hal_i2c.o(i.I2C_RequestMemoryRead)
    I2C_RequestMemoryRead                    0x08003239   Thumb Code    94  stm32f7xx_hal_i2c.o(i.I2C_RequestMemoryRead)
    i.I2C_RequestMemoryWrite                 0x0800329c   Section        0  stm32f7xx_hal_i2c.o(i.I2C_RequestMemoryWrite)
    I2C_RequestMemoryWrite                   0x0800329d   Thumb Code    94  stm32f7xx_hal_i2c.o(i.I2C_RequestMemoryWrite)
    i.I2C_TransferConfig                     0x08003300   Section        0  stm32f7xx_hal_i2c.o(i.I2C_TransferConfig)
    I2C_TransferConfig                       0x08003301   Thumb Code    40  stm32f7xx_hal_i2c.o(i.I2C_TransferConfig)
    i.I2C_WaitOnFlagUntilTimeout             0x0800332c   Section        0  stm32f7xx_hal_i2c.o(i.I2C_WaitOnFlagUntilTimeout)
    I2C_WaitOnFlagUntilTimeout               0x0800332d   Thumb Code    90  stm32f7xx_hal_i2c.o(i.I2C_WaitOnFlagUntilTimeout)
    i.I2C_WaitOnSTOPFlagUntilTimeout         0x08003386   Section        0  stm32f7xx_hal_i2c.o(i.I2C_WaitOnSTOPFlagUntilTimeout)
    I2C_WaitOnSTOPFlagUntilTimeout           0x08003387   Thumb Code    78  stm32f7xx_hal_i2c.o(i.I2C_WaitOnSTOPFlagUntilTimeout)
    i.I2C_WaitOnTXISFlagUntilTimeout         0x080033d4   Section        0  stm32f7xx_hal_i2c.o(i.I2C_WaitOnTXISFlagUntilTimeout)
    I2C_WaitOnTXISFlagUntilTimeout           0x080033d5   Thumb Code    82  stm32f7xx_hal_i2c.o(i.I2C_WaitOnTXISFlagUntilTimeout)
    i.I2Cx_Error                             0x08003426   Section        0  stm32746g_discovery.o(i.I2Cx_Error)
    I2Cx_Error                               0x08003427   Thumb Code    18  stm32746g_discovery.o(i.I2Cx_Error)
    i.I2Cx_Init                              0x08003438   Section        0  stm32746g_discovery.o(i.I2Cx_Init)
    I2Cx_Init                                0x08003439   Thumb Code    64  stm32746g_discovery.o(i.I2Cx_Init)
    i.I2Cx_MspInit                           0x08003488   Section        0  stm32746g_discovery.o(i.I2Cx_MspInit)
    I2Cx_MspInit                             0x08003489   Thumb Code   266  stm32746g_discovery.o(i.I2Cx_MspInit)
    i.I2Cx_ReadMultiple                      0x080035ac   Section        0  stm32746g_discovery.o(i.I2Cx_ReadMultiple)
    I2Cx_ReadMultiple                        0x080035ad   Thumb Code    42  stm32746g_discovery.o(i.I2Cx_ReadMultiple)
    i.I2Cx_WriteMultiple                     0x080035d6   Section        0  stm32746g_discovery.o(i.I2Cx_WriteMultiple)
    I2Cx_WriteMultiple                       0x080035d7   Thumb Code    42  stm32746g_discovery.o(i.I2Cx_WriteMultiple)
    i.LL_FillBuffer                          0x08003600   Section        0  stm32746g_discovery_lcd.o(i.LL_FillBuffer)
    LL_FillBuffer                            0x08003601   Thumb Code   116  stm32746g_discovery_lcd.o(i.LL_FillBuffer)
    i.LTDC_SetConfig                         0x08003680   Section        0  stm32f7xx_hal_ltdc.o(i.LTDC_SetConfig)
    LTDC_SetConfig                           0x08003681   Thumb Code   464  stm32f7xx_hal_ltdc.o(i.LTDC_SetConfig)
    i.MX_FMC_Init                            0x08003850   Section        0  main.o(i.MX_FMC_Init)
    MX_FMC_Init                              0x08003851   Thumb Code    72  main.o(i.MX_FMC_Init)
    i.MX_GPIO_Init                           0x080038a0   Section        0  main.o(i.MX_GPIO_Init)
    MX_GPIO_Init                             0x080038a1   Thumb Code  1286  main.o(i.MX_GPIO_Init)
    i.MX_LTDC_Init                           0x08003dbc   Section        0  main.o(i.MX_LTDC_Init)
    MX_LTDC_Init                             0x08003dbd   Thumb Code   188  main.o(i.MX_LTDC_Init)
    i.MX_TIM1_Init                           0x08003e80   Section        0  main.o(i.MX_TIM1_Init)
    MX_TIM1_Init                             0x08003e81   Thumb Code    78  main.o(i.MX_TIM1_Init)
    i.MX_TIM2_Init                           0x08003ed8   Section        0  main.o(i.MX_TIM2_Init)
    MX_TIM2_Init                             0x08003ed9   Thumb Code    76  main.o(i.MX_TIM2_Init)
    i.MX_USART1_UART_Init                    0x08003f28   Section        0  main.o(i.MX_USART1_UART_Init)
    MX_USART1_UART_Init                      0x08003f29   Thumb Code    40  main.o(i.MX_USART1_UART_Init)
    i.MemManage_Handler                      0x08003f58   Section        0  stm32f7xx_it.o(i.MemManage_Handler)
    i.NMI_Handler                            0x08003f5a   Section        0  stm32f7xx_it.o(i.NMI_Handler)
    i.PendSV_Handler                         0x08003f5c   Section        0  stm32f7xx_it.o(i.PendSV_Handler)
    i.SVC_Handler                            0x08003f5e   Section        0  stm32f7xx_it.o(i.SVC_Handler)
    i.SysTick_Handler                        0x08003f60   Section        0  stm32f7xx_it.o(i.SysTick_Handler)
    i.SystemClock_Config                     0x08003f64   Section        0  main.o(i.SystemClock_Config)
    i.SystemInit                             0x0800400c   Section        0  system_stm32f7xx.o(i.SystemInit)
    i.TIM2_IRQHandler                        0x08004060   Section        0  stm32f7xx_it.o(i.TIM2_IRQHandler)
    i.TIM_Base_SetConfig                     0x0800406c   Section        0  stm32f7xx_hal_tim.o(i.TIM_Base_SetConfig)
    i.TIM_ETR_SetConfig                      0x08004138   Section        0  stm32f7xx_hal_tim.o(i.TIM_ETR_SetConfig)
    i.TIM_ITRx_SetConfig                     0x0800414a   Section        0  stm32f7xx_hal_tim.o(i.TIM_ITRx_SetConfig)
    TIM_ITRx_SetConfig                       0x0800414b   Thumb Code    16  stm32f7xx_hal_tim.o(i.TIM_ITRx_SetConfig)
    i.TIM_TI1_ConfigInputStage               0x0800415a   Section        0  stm32f7xx_hal_tim.o(i.TIM_TI1_ConfigInputStage)
    TIM_TI1_ConfigInputStage                 0x0800415b   Thumb Code    34  stm32f7xx_hal_tim.o(i.TIM_TI1_ConfigInputStage)
    i.TIM_TI2_ConfigInputStage               0x0800417c   Section        0  stm32f7xx_hal_tim.o(i.TIM_TI2_ConfigInputStage)
    TIM_TI2_ConfigInputStage                 0x0800417d   Thumb Code    36  stm32f7xx_hal_tim.o(i.TIM_TI2_ConfigInputStage)
    i.TS_IO_Delay                            0x080041a0   Section        0  stm32746g_discovery.o(i.TS_IO_Delay)
    i.TS_IO_Init                             0x080041a4   Section        0  stm32746g_discovery.o(i.TS_IO_Init)
    i.TS_IO_Read                             0x080041b0   Section        0  stm32746g_discovery.o(i.TS_IO_Read)
    i.TS_IO_Write                            0x080041d8   Section        0  stm32746g_discovery.o(i.TS_IO_Write)
    i.UART_AdvFeatureConfig                  0x080041f8   Section        0  stm32f7xx_hal_uart.o(i.UART_AdvFeatureConfig)
    i.UART_CheckIdleState                    0x080042c0   Section        0  stm32f7xx_hal_uart.o(i.UART_CheckIdleState)
    i.UART_SetConfig                         0x080042fc   Section        0  stm32f7xx_hal_uart.o(i.UART_SetConfig)
    i.UART_WaitOnFlagUntilTimeout            0x08004550   Section        0  stm32f7xx_hal_uart.o(i.UART_WaitOnFlagUntilTimeout)
    i.UsageFault_Handler                     0x080045b0   Section        0  stm32f7xx_it.o(i.UsageFault_Handler)
    i.__NVIC_SetPriority                     0x080045b2   Section        0  stm32f7xx_hal_cortex.o(i.__NVIC_SetPriority)
    __NVIC_SetPriority                       0x080045b3   Thumb Code    34  stm32f7xx_hal_cortex.o(i.__NVIC_SetPriority)
    i.__scatterload_copy                     0x080045d4   Section       14  handlers.o(i.__scatterload_copy)
    i.__scatterload_null                     0x080045e2   Section        2  handlers.o(i.__scatterload_null)
    i.__scatterload_zeroinit                 0x080045e4   Section       14  handlers.o(i.__scatterload_zeroinit)
    i.ball_move                              0x080045f4   Section        0  main.o(i.ball_move)
    i.ball_touch                             0x08004798   Section        0  main.o(i.ball_touch)
    i.ball_touch_plat                        0x080047f4   Section        0  main.o(i.ball_touch_plat)
    i.ft5336_I2C_InitializeIfRequired        0x08004868   Section        0  ft5336.o(i.ft5336_I2C_InitializeIfRequired)
    ft5336_I2C_InitializeIfRequired          0x08004869   Thumb Code    20  ft5336.o(i.ft5336_I2C_InitializeIfRequired)
    i.ft5336_Init                            0x08004880   Section        0  ft5336.o(i.ft5336_Init)
    i.ft5336_ReadID                          0x08004890   Section        0  ft5336.o(i.ft5336_ReadID)
    i.ft5336_Reset                           0x080048ca   Section        0  ft5336.o(i.ft5336_Reset)
    i.ft5336_TS_ClearIT                      0x080048cc   Section        0  ft5336.o(i.ft5336_TS_ClearIT)
    i.ft5336_TS_DetectTouch                  0x080048d0   Section        0  ft5336.o(i.ft5336_TS_DetectTouch)
    i.ft5336_TS_DisableIT                    0x08004910   Section        0  ft5336.o(i.ft5336_TS_DisableIT)
    i.ft5336_TS_EnableIT                     0x0800491a   Section        0  ft5336.o(i.ft5336_TS_EnableIT)
    i.ft5336_TS_GetGestureID                 0x08004924   Section        0  ft5336.o(i.ft5336_TS_GetGestureID)
    i.ft5336_TS_GetTouchInfo                 0x08004944   Section        0  ft5336.o(i.ft5336_TS_GetTouchInfo)
    i.ft5336_TS_GetXY                        0x08004a10   Section        0  ft5336.o(i.ft5336_TS_GetXY)
    i.ft5336_TS_ITStatus                     0x08004b30   Section        0  ft5336.o(i.ft5336_TS_ITStatus)
    i.ft5336_TS_Start                        0x08004b34   Section        0  ft5336.o(i.ft5336_TS_Start)
    i.left_got_scores                        0x08004b38   Section        0  main.o(i.left_got_scores)
    i.left_plat                              0x08004ba8   Section        0  main.o(i.left_plat)
    i.main                                   0x08004be8   Section        0  main.o(i.main)
    i.right_got_scores                       0x08004d78   Section        0  main.o(i.right_got_scores)
    i.right_plat                             0x08004de8   Section        0  main.o(i.right_plat)
    .constdata                               0x08004e2c   Section        8  stm32f7xx_hal_dma.o(.constdata)
    flagBitshiftOffset                       0x08004e2c   Data           8  stm32f7xx_hal_dma.o(.constdata)
    .constdata                               0x08004e34   Section     6840  stm32746g_discovery_lcd.o(.constdata)
    .constdata                               0x080068ec   Section       16  system_stm32f7xx.o(.constdata)
    .constdata                               0x080068fc   Section        8  system_stm32f7xx.o(.constdata)
    .data                                    0x20000000   Section       47  main.o(.data)
    .data                                    0x20000030   Section        8  stm32f7xx_hal_msp.o(.data)
    FMC_Initialized                          0x20000030   Data           4  stm32f7xx_hal_msp.o(.data)
    FMC_DeInitialized                        0x20000034   Data           4  stm32f7xx_hal_msp.o(.data)
    .data                                    0x20000038   Section       12  stm32f7xx_hal.o(.data)
    .data                                    0x20000044   Section       12  stm32746g_discovery_lcd.o(.data)
    ActiveLayer                              0x20000044   Data           4  stm32746g_discovery_lcd.o(.data)
    .data                                    0x20000050   Section        2  stm32746g_discovery_sdram.o(.data)
    sdramstatus                              0x20000050   Data           1  stm32746g_discovery_sdram.o(.data)
    sdramstatus                              0x20000051   Data           1  stm32746g_discovery_sdram.o(.data)
    .data                                    0x20000054   Section       12  stm32746g_discovery_ts.o(.data)
    tsOrientation                            0x20000054   Data           1  stm32746g_discovery_ts.o(.data)
    I2cAddress                               0x20000055   Data           1  stm32746g_discovery_ts.o(.data)
    tsXBoundary                              0x20000056   Data           2  stm32746g_discovery_ts.o(.data)
    tsYBoundary                              0x20000058   Data           2  stm32746g_discovery_ts.o(.data)
    tsDriver                                 0x2000005c   Data           4  stm32746g_discovery_ts.o(.data)
    .data                                    0x20000060   Section       40  ft5336.o(.data)
    .data                                    0x20000088   Section        5  ft5336.o(.data)
    coord                                    0x20000088   Data           2  ft5336.o(.data)
    ft5336_handle                            0x2000008a   Data           3  ft5336.o(.data)
    .data                                    0x20000090   Section        4  system_stm32f7xx.o(.data)
    .data                                    0x20000094   Section        4  rand.o(.data)
    _rand_state                              0x20000094   Data           4  rand.o(.data)
    .bss                                     0x20000098   Section      620  main.o(.bss)
    .bss                                     0x20000304   Section      388  stm32746g_discovery_lcd.o(.bss)
    periph_clk_init_struct                   0x20000304   Data         132  stm32746g_discovery_lcd.o(.bss)
    hDma2dHandler                            0x20000430   Data          64  stm32746g_discovery_lcd.o(.bss)
    DrawProp                                 0x20000470   Data          24  stm32746g_discovery_lcd.o(.bss)
    .bss                                     0x20000488   Section      288  stm32746g_discovery_sdram.o(.bss)
    dma_handle                               0x20000488   Data          96  stm32746g_discovery_sdram.o(.bss)
    dma_handle                               0x200004e8   Data          96  stm32746g_discovery_sdram.o(.bss)
    Timing                                   0x2000057c   Data          28  stm32746g_discovery_sdram.o(.bss)
    Command                                  0x20000598   Data          16  stm32746g_discovery_sdram.o(.bss)
    .bss                                     0x200005a8   Section       40  stm32746g_discovery_ts.o(.bss)
    _x                                       0x200005a8   Data          20  stm32746g_discovery_ts.o(.bss)
    _y                                       0x200005bc   Data          20  stm32746g_discovery_ts.o(.bss)
    .bss                                     0x200005d0   Section      152  stm32746g_discovery.o(.bss)
    hI2cAudioHandler                         0x200005d0   Data          76  stm32746g_discovery.o(.bss)
    hI2cExtHandler                           0x2000061c   Data          76  stm32746g_discovery.o(.bss)
    STACK                                    0x20000668   Section     1024  startup_stm32f746xx.o(STACK)

    Global Symbols

    Symbol Name                              Value     Ov Type        Size  Object(Section)

    BuildAttributes$$THM_ISAv4$E$P$D$K$B$S$7EM$VFPi5$EXTD16$VFPS$VFMA$PE$PLD8$A:L22UL41UL21$X:L11$S22US41US21$IEEE1$IW$USESV6$~STKCKD$USESV7$~SHL$OSPACE$EBA8$MICROLIB$REQ8$PRES8$EABIv2 0x00000000   Number         0  anon$$obj.o ABSOLUTE
    __ARM_use_no_argv                        0x00000000   Number         0  main.o ABSOLUTE
    __cpp_initialize__aeabi_                  - Undefined Weak Reference
    __cxa_finalize                            - Undefined Weak Reference
    __decompress                              - Undefined Weak Reference
    _clock_init                               - Undefined Weak Reference
    _microlib_exit                            - Undefined Weak Reference
    __Vectors_Size                           0x000001c8   Number         0  startup_stm32f746xx.o ABSOLUTE
    __Vectors                                0x08000000   Data           4  startup_stm32f746xx.o(RESET)
    __Vectors_End                            0x080001c8   Data           0  startup_stm32f746xx.o(RESET)
    __main                                   0x080001c9   Thumb Code     0  entry.o(.ARM.Collect$$$$00000000)
    _main_stk                                0x080001c9   Thumb Code     0  entry2.o(.ARM.Collect$$$$00000001)
    _main_scatterload                        0x080001cd   Thumb Code     0  entry5.o(.ARM.Collect$$$$00000004)
    __main_after_scatterload                 0x080001d1   Thumb Code     0  entry5.o(.ARM.Collect$$$$00000004)
    _main_clock                              0x080001d1   Thumb Code     0  entry7b.o(.ARM.Collect$$$$00000008)
    _main_cpp_init                           0x080001d1   Thumb Code     0  entry8b.o(.ARM.Collect$$$$0000000A)
    _main_init                               0x080001d1   Thumb Code     0  entry9a.o(.ARM.Collect$$$$0000000B)
    __rt_final_cpp                           0x080001d9   Thumb Code     0  entry10a.o(.ARM.Collect$$$$0000000D)
    __rt_final_exit                          0x080001d9   Thumb Code     0  entry11a.o(.ARM.Collect$$$$0000000F)
    Reset_Handler                            0x080001dd   Thumb Code     8  startup_stm32f746xx.o(.text)
    ADC_IRQHandler                           0x080001f7   Thumb Code     0  startup_stm32f746xx.o(.text)
    CAN1_RX0_IRQHandler                      0x080001f7   Thumb Code     0  startup_stm32f746xx.o(.text)
    CAN1_RX1_IRQHandler                      0x080001f7   Thumb Code     0  startup_stm32f746xx.o(.text)
    CAN1_SCE_IRQHandler                      0x080001f7   Thumb Code     0  startup_stm32f746xx.o(.text)
    CAN1_TX_IRQHandler                       0x080001f7   Thumb Code     0  startup_stm32f746xx.o(.text)
    CAN2_RX0_IRQHandler                      0x080001f7   Thumb Code     0  startup_stm32f746xx.o(.text)
    CAN2_RX1_IRQHandler                      0x080001f7   Thumb Code     0  startup_stm32f746xx.o(.text)
    CAN2_SCE_IRQHandler                      0x080001f7   Thumb Code     0  startup_stm32f746xx.o(.text)
    CAN2_TX_IRQHandler                       0x080001f7   Thumb Code     0  startup_stm32f746xx.o(.text)
    CEC_IRQHandler                           0x080001f7   Thumb Code     0  startup_stm32f746xx.o(.text)
    DCMI_IRQHandler                          0x080001f7   Thumb Code     0  startup_stm32f746xx.o(.text)
    DMA1_Stream0_IRQHandler                  0x080001f7   Thumb Code     0  startup_stm32f746xx.o(.text)
    DMA1_Stream1_IRQHandler                  0x080001f7   Thumb Code     0  startup_stm32f746xx.o(.text)
    DMA1_Stream2_IRQHandler                  0x080001f7   Thumb Code     0  startup_stm32f746xx.o(.text)
    DMA1_Stream3_IRQHandler                  0x080001f7   Thumb Code     0  startup_stm32f746xx.o(.text)
    DMA1_Stream4_IRQHandler                  0x080001f7   Thumb Code     0  startup_stm32f746xx.o(.text)
    DMA1_Stream5_IRQHandler                  0x080001f7   Thumb Code     0  startup_stm32f746xx.o(.text)
    DMA1_Stream6_IRQHandler                  0x080001f7   Thumb Code     0  startup_stm32f746xx.o(.text)
    DMA1_Stream7_IRQHandler                  0x080001f7   Thumb Code     0  startup_stm32f746xx.o(.text)
    DMA2D_IRQHandler                         0x080001f7   Thumb Code     0  startup_stm32f746xx.o(.text)
    DMA2_Stream0_IRQHandler                  0x080001f7   Thumb Code     0  startup_stm32f746xx.o(.text)
    DMA2_Stream1_IRQHandler                  0x080001f7   Thumb Code     0  startup_stm32f746xx.o(.text)
    DMA2_Stream2_IRQHandler                  0x080001f7   Thumb Code     0  startup_stm32f746xx.o(.text)
    DMA2_Stream3_IRQHandler                  0x080001f7   Thumb Code     0  startup_stm32f746xx.o(.text)
    DMA2_Stream4_IRQHandler                  0x080001f7   Thumb Code     0  startup_stm32f746xx.o(.text)
    DMA2_Stream5_IRQHandler                  0x080001f7   Thumb Code     0  startup_stm32f746xx.o(.text)
    DMA2_Stream6_IRQHandler                  0x080001f7   Thumb Code     0  startup_stm32f746xx.o(.text)
    DMA2_Stream7_IRQHandler                  0x080001f7   Thumb Code     0  startup_stm32f746xx.o(.text)
    ETH_IRQHandler                           0x080001f7   Thumb Code     0  startup_stm32f746xx.o(.text)
    ETH_WKUP_IRQHandler                      0x080001f7   Thumb Code     0  startup_stm32f746xx.o(.text)
    EXTI0_IRQHandler                         0x080001f7   Thumb Code     0  startup_stm32f746xx.o(.text)
    EXTI1_IRQHandler                         0x080001f7   Thumb Code     0  startup_stm32f746xx.o(.text)
    EXTI2_IRQHandler                         0x080001f7   Thumb Code     0  startup_stm32f746xx.o(.text)
    EXTI3_IRQHandler                         0x080001f7   Thumb Code     0  startup_stm32f746xx.o(.text)
    EXTI4_IRQHandler                         0x080001f7   Thumb Code     0  startup_stm32f746xx.o(.text)
    EXTI9_5_IRQHandler                       0x080001f7   Thumb Code     0  startup_stm32f746xx.o(.text)
    FLASH_IRQHandler                         0x080001f7   Thumb Code     0  startup_stm32f746xx.o(.text)
    FMC_IRQHandler                           0x080001f7   Thumb Code     0  startup_stm32f746xx.o(.text)
    FPU_IRQHandler                           0x080001f7   Thumb Code     0  startup_stm32f746xx.o(.text)
    I2C1_ER_IRQHandler                       0x080001f7   Thumb Code     0  startup_stm32f746xx.o(.text)
    I2C1_EV_IRQHandler                       0x080001f7   Thumb Code     0  startup_stm32f746xx.o(.text)
    I2C2_ER_IRQHandler                       0x080001f7   Thumb Code     0  startup_stm32f746xx.o(.text)
    I2C2_EV_IRQHandler                       0x080001f7   Thumb Code     0  startup_stm32f746xx.o(.text)
    I2C3_ER_IRQHandler                       0x080001f7   Thumb Code     0  startup_stm32f746xx.o(.text)
    I2C3_EV_IRQHandler                       0x080001f7   Thumb Code     0  startup_stm32f746xx.o(.text)
    I2C4_ER_IRQHandler                       0x080001f7   Thumb Code     0  startup_stm32f746xx.o(.text)
    I2C4_EV_IRQHandler                       0x080001f7   Thumb Code     0  startup_stm32f746xx.o(.text)
    LPTIM1_IRQHandler                        0x080001f7   Thumb Code     0  startup_stm32f746xx.o(.text)
    LTDC_ER_IRQHandler                       0x080001f7   Thumb Code     0  startup_stm32f746xx.o(.text)
    LTDC_IRQHandler                          0x080001f7   Thumb Code     0  startup_stm32f746xx.o(.text)
    OTG_FS_IRQHandler                        0x080001f7   Thumb Code     0  startup_stm32f746xx.o(.text)
    OTG_FS_WKUP_IRQHandler                   0x080001f7   Thumb Code     0  startup_stm32f746xx.o(.text)
    OTG_HS_EP1_IN_IRQHandler                 0x080001f7   Thumb Code     0  startup_stm32f746xx.o(.text)
    OTG_HS_EP1_OUT_IRQHandler                0x080001f7   Thumb Code     0  startup_stm32f746xx.o(.text)
    OTG_HS_IRQHandler                        0x080001f7   Thumb Code     0  startup_stm32f746xx.o(.text)
    OTG_HS_WKUP_IRQHandler                   0x080001f7   Thumb Code     0  startup_stm32f746xx.o(.text)
    PVD_IRQHandler                           0x080001f7   Thumb Code     0  startup_stm32f746xx.o(.text)
    QUADSPI_IRQHandler                       0x080001f7   Thumb Code     0  startup_stm32f746xx.o(.text)
    RCC_IRQHandler                           0x080001f7   Thumb Code     0  startup_stm32f746xx.o(.text)
    RNG_IRQHandler                           0x080001f7   Thumb Code     0  startup_stm32f746xx.o(.text)
    RTC_Alarm_IRQHandler                     0x080001f7   Thumb Code     0  startup_stm32f746xx.o(.text)
    RTC_WKUP_IRQHandler                      0x080001f7   Thumb Code     0  startup_stm32f746xx.o(.text)
    SAI1_IRQHandler                          0x080001f7   Thumb Code     0  startup_stm32f746xx.o(.text)
    SAI2_IRQHandler                          0x080001f7   Thumb Code     0  startup_stm32f746xx.o(.text)
    SDMMC1_IRQHandler                        0x080001f7   Thumb Code     0  startup_stm32f746xx.o(.text)
    SPDIF_RX_IRQHandler                      0x080001f7   Thumb Code     0  startup_stm32f746xx.o(.text)
    SPI1_IRQHandler                          0x080001f7   Thumb Code     0  startup_stm32f746xx.o(.text)
    SPI2_IRQHandler                          0x080001f7   Thumb Code     0  startup_stm32f746xx.o(.text)
    SPI3_IRQHandler                          0x080001f7   Thumb Code     0  startup_stm32f746xx.o(.text)
    SPI4_IRQHandler                          0x080001f7   Thumb Code     0  startup_stm32f746xx.o(.text)
    SPI5_IRQHandler                          0x080001f7   Thumb Code     0  startup_stm32f746xx.o(.text)
    SPI6_IRQHandler                          0x080001f7   Thumb Code     0  startup_stm32f746xx.o(.text)
    TAMP_STAMP_IRQHandler                    0x080001f7   Thumb Code     0  startup_stm32f746xx.o(.text)
    TIM1_BRK_TIM9_IRQHandler                 0x080001f7   Thumb Code     0  startup_stm32f746xx.o(.text)
    TIM1_CC_IRQHandler                       0x080001f7   Thumb Code     0  startup_stm32f746xx.o(.text)
    TIM1_TRG_COM_TIM11_IRQHandler            0x080001f7   Thumb Code     0  startup_stm32f746xx.o(.text)
    TIM1_UP_TIM10_IRQHandler                 0x080001f7   Thumb Code     0  startup_stm32f746xx.o(.text)
    TIM3_IRQHandler                          0x080001f7   Thumb Code     0  startup_stm32f746xx.o(.text)
    TIM4_IRQHandler                          0x080001f7   Thumb Code     0  startup_stm32f746xx.o(.text)
    TIM5_IRQHandler                          0x080001f7   Thumb Code     0  startup_stm32f746xx.o(.text)
    TIM6_DAC_IRQHandler                      0x080001f7   Thumb Code     0  startup_stm32f746xx.o(.text)
    TIM7_IRQHandler                          0x080001f7   Thumb Code     0  startup_stm32f746xx.o(.text)
    TIM8_BRK_TIM12_IRQHandler                0x080001f7   Thumb Code     0  startup_stm32f746xx.o(.text)
    TIM8_CC_IRQHandler                       0x080001f7   Thumb Code     0  startup_stm32f746xx.o(.text)
    TIM8_TRG_COM_TIM14_IRQHandler            0x080001f7   Thumb Code     0  startup_stm32f746xx.o(.text)
    TIM8_UP_TIM13_IRQHandler                 0x080001f7   Thumb Code     0  startup_stm32f746xx.o(.text)
    UART4_IRQHandler                         0x080001f7   Thumb Code     0  startup_stm32f746xx.o(.text)
    UART5_IRQHandler                         0x080001f7   Thumb Code     0  startup_stm32f746xx.o(.text)
    UART7_IRQHandler                         0x080001f7   Thumb Code     0  startup_stm32f746xx.o(.text)
    UART8_IRQHandler                         0x080001f7   Thumb Code     0  startup_stm32f746xx.o(.text)
    USART1_IRQHandler                        0x080001f7   Thumb Code     0  startup_stm32f746xx.o(.text)
    USART2_IRQHandler                        0x080001f7   Thumb Code     0  startup_stm32f746xx.o(.text)
    USART3_IRQHandler                        0x080001f7   Thumb Code     0  startup_stm32f746xx.o(.text)
    USART6_IRQHandler                        0x080001f7   Thumb Code     0  startup_stm32f746xx.o(.text)
    WWDG_IRQHandler                          0x080001f7   Thumb Code     0  startup_stm32f746xx.o(.text)
    __aeabi_uldivmod                         0x08000201   Thumb Code    98  uldiv.o(.text)
    rand                                     0x08000265   Thumb Code    20  rand.o(.text)
    srand                                    0x08000279   Thumb Code     6  rand.o(.text)
    __aeabi_memcpy                           0x08000289   Thumb Code    36  memcpya.o(.text)
    __aeabi_memcpy4                          0x08000289   Thumb Code     0  memcpya.o(.text)
    __aeabi_memcpy8                          0x08000289   Thumb Code     0  memcpya.o(.text)
    __aeabi_memset                           0x080002ad   Thumb Code    14  memseta.o(.text)
    __aeabi_memset4                          0x080002ad   Thumb Code     0  memseta.o(.text)
    __aeabi_memset8                          0x080002ad   Thumb Code     0  memseta.o(.text)
    __aeabi_memclr                           0x080002bb   Thumb Code     4  memseta.o(.text)
    __aeabi_memclr4                          0x080002bb   Thumb Code     0  memseta.o(.text)
    __aeabi_memclr8                          0x080002bb   Thumb Code     0  memseta.o(.text)
    _memset$wrapper                          0x080002bf   Thumb Code    18  memseta.o(.text)
    __aeabi_llsl                             0x080002d1   Thumb Code    30  llshl.o(.text)
    _ll_shift_l                              0x080002d1   Thumb Code     0  llshl.o(.text)
    __aeabi_llsr                             0x080002ef   Thumb Code    32  llushr.o(.text)
    _ll_ushift_r                             0x080002ef   Thumb Code     0  llushr.o(.text)
    __scatterload                            0x08000311   Thumb Code    28  init.o(.text)
    __scatterload_rt2                        0x08000311   Thumb Code     0  init.o(.text)
    BSP_LCD_Clear                            0x08000335   Thumb Code    48  stm32746g_discovery_lcd.o(i.BSP_LCD_Clear)
    BSP_LCD_ClockConfig                      0x0800036d   Thumb Code    26  stm32746g_discovery_lcd.o(i.BSP_LCD_ClockConfig)
    BSP_LCD_DisplayChar                      0x0800038d   Thumb Code    44  stm32746g_discovery_lcd.o(i.BSP_LCD_DisplayChar)
    BSP_LCD_DisplayOn                        0x080003c1   Thumb Code    38  stm32746g_discovery_lcd.o(i.BSP_LCD_DisplayOn)
    BSP_LCD_DisplayStringAt                  0x080003f5   Thumb Code   192  stm32746g_discovery_lcd.o(i.BSP_LCD_DisplayStringAt)
    BSP_LCD_DrawCircle                       0x080004bd   Thumb Code   270  stm32746g_discovery_lcd.o(i.BSP_LCD_DrawCircle)
    BSP_LCD_DrawHLine                        0x080005d5   Thumb Code   116  stm32746g_discovery_lcd.o(i.BSP_LCD_DrawHLine)
    BSP_LCD_DrawPixel                        0x08000651   Thumb Code    90  stm32746g_discovery_lcd.o(i.BSP_LCD_DrawPixel)
    BSP_LCD_FillCircle                       0x080006b5   Thumb Code   186  stm32746g_discovery_lcd.o(i.BSP_LCD_FillCircle)
    BSP_LCD_FillRect                         0x08000779   Thumb Code   148  stm32746g_discovery_lcd.o(i.BSP_LCD_FillRect)
    BSP_LCD_GetXSize                         0x08000815   Thumb Code    22  stm32746g_discovery_lcd.o(i.BSP_LCD_GetXSize)
    BSP_LCD_GetYSize                         0x08000835   Thumb Code    22  stm32746g_discovery_lcd.o(i.BSP_LCD_GetYSize)
    BSP_LCD_Init                             0x08000855   Thumb Code   142  stm32746g_discovery_lcd.o(i.BSP_LCD_Init)
    BSP_LCD_LayerDefaultInit                 0x080008f9   Thumb Code   112  stm32746g_discovery_lcd.o(i.BSP_LCD_LayerDefaultInit)
    BSP_LCD_MspInit                          0x08000971   Thumb Code   286  stm32746g_discovery_lcd.o(i.BSP_LCD_MspInit)
    BSP_LCD_SelectLayer                      0x08000aa9   Thumb Code     6  stm32746g_discovery_lcd.o(i.BSP_LCD_SelectLayer)
    BSP_LCD_SetBackColor                     0x08000ab5   Thumb Code    18  stm32746g_discovery_lcd.o(i.BSP_LCD_SetBackColor)
    BSP_LCD_SetFont                          0x08000ad1   Thumb Code    18  stm32746g_discovery_lcd.o(i.BSP_LCD_SetFont)
    BSP_LCD_SetTextColor                     0x08000aed   Thumb Code    16  stm32746g_discovery_lcd.o(i.BSP_LCD_SetTextColor)
    BSP_SDRAM_Init                           0x08000b05   Thumb Code   108  stm32746g_discovery_sdram.o(i.BSP_SDRAM_Init)
    BSP_SDRAM_Initialization_sequence        0x08000b7d   Thumb Code   134  stm32746g_discovery_sdram.o(i.BSP_SDRAM_Initialization_sequence)
    BSP_SDRAM_MspInit                        0x08000c09   Thumb Code   322  stm32746g_discovery_sdram.o(i.BSP_SDRAM_MspInit)
    BSP_TS_GetState                          0x08000d71   Thumb Code   360  stm32746g_discovery_ts.o(i.BSP_TS_GetState)
    BSP_TS_Get_GestureId                     0x08000ee1   Thumb Code    88  stm32746g_discovery_ts.o(i.BSP_TS_Get_GestureId)
    BSP_TS_Init                              0x08000f3d   Thumb Code    50  stm32746g_discovery_ts.o(i.BSP_TS_Init)
    BusFault_Handler                         0x08000f79   Thumb Code     2  stm32f7xx_it.o(i.BusFault_Handler)
    DebugMon_Handler                         0x08001089   Thumb Code     2  stm32f7xx_it.o(i.DebugMon_Handler)
    EXTI15_10_IRQHandler                     0x0800113d   Thumb Code     8  stm32f7xx_it.o(i.EXTI15_10_IRQHandler)
    FMC_SDRAM_Init                           0x08001145   Thumb Code    94  stm32f7xx_ll_fmc.o(i.FMC_SDRAM_Init)
    FMC_SDRAM_ProgramRefreshRate             0x080011a3   Thumb Code    12  stm32f7xx_ll_fmc.o(i.FMC_SDRAM_ProgramRefreshRate)
    FMC_SDRAM_SendCommand                    0x080011af   Thumb Code    32  stm32f7xx_ll_fmc.o(i.FMC_SDRAM_SendCommand)
    FMC_SDRAM_Timing_Init                    0x080011d1   Thumb Code   134  stm32f7xx_ll_fmc.o(i.FMC_SDRAM_Timing_Init)
    HAL_CRCEx_Polynomial_Set                 0x0800125d   Thumb Code    78  stm32f7xx_hal_crc_ex.o(i.HAL_CRCEx_Polynomial_Set)
    HAL_CRC_Init                             0x080012ad   Thumb Code   114  stm32f7xx_hal_crc.o(i.HAL_CRC_Init)
    HAL_CRC_MspInit                          0x08001325   Thumb Code    30  stm32f7xx_hal_msp.o(i.HAL_CRC_MspInit)
    HAL_DMA2D_ConfigLayer                    0x0800134d   Thumb Code   156  stm32f7xx_hal_dma2d.o(i.HAL_DMA2D_ConfigLayer)
    HAL_DMA2D_Init                           0x080013ed   Thumb Code    90  stm32f7xx_hal_dma2d.o(i.HAL_DMA2D_Init)
    HAL_DMA2D_MspInit                        0x08001449   Thumb Code    30  stm32f7xx_hal_msp.o(i.HAL_DMA2D_MspInit)
    HAL_DMA2D_PollForTransfer                0x08001471   Thumb Code   270  stm32f7xx_hal_dma2d.o(i.HAL_DMA2D_PollForTransfer)
    HAL_DMA2D_Start                          0x0800157f   Thumb Code    52  stm32f7xx_hal_dma2d.o(i.HAL_DMA2D_Start)
    HAL_DMA_DeInit                           0x080015b3   Thumb Code    98  stm32f7xx_hal_dma.o(i.HAL_DMA_DeInit)
    HAL_DMA_Init                             0x08001615   Thumb Code   222  stm32f7xx_hal_dma.o(i.HAL_DMA_Init)
    HAL_Delay                                0x080016f9   Thumb Code    32  stm32f7xx_hal.o(i.HAL_Delay)
    HAL_GPIO_EXTI_Callback                   0x080017d1   Thumb Code    72  main.o(i.HAL_GPIO_EXTI_Callback)
    HAL_GPIO_EXTI_IRQHandler                 0x0800185d   Thumb Code    18  stm32f7xx_hal_gpio.o(i.HAL_GPIO_EXTI_IRQHandler)
    HAL_GPIO_Init                            0x08001875   Thumb Code   418  stm32f7xx_hal_gpio.o(i.HAL_GPIO_Init)
    HAL_GPIO_WritePin                        0x08001a4d   Thumb Code    10  stm32f7xx_hal_gpio.o(i.HAL_GPIO_WritePin)
    HAL_GetTick                              0x08001a59   Thumb Code     6  stm32f7xx_hal.o(i.HAL_GetTick)
    HAL_I2C_DeInit                           0x08001a65   Thumb Code    52  stm32f7xx_hal_i2c.o(i.HAL_I2C_DeInit)
    HAL_I2C_GetState                         0x08001a99   Thumb Code     6  stm32f7xx_hal_i2c.o(i.HAL_I2C_GetState)
    HAL_I2C_Init                             0x08001aa1   Thumb Code   180  stm32f7xx_hal_i2c.o(i.HAL_I2C_Init)
    HAL_I2C_Mem_Read                         0x08001b59   Thumb Code   346  stm32f7xx_hal_i2c.o(i.HAL_I2C_Mem_Read)
    HAL_I2C_Mem_Write                        0x08001cbd   Thumb Code   340  stm32f7xx_hal_i2c.o(i.HAL_I2C_Mem_Write)
    HAL_I2C_MspDeInit                        0x08001e15   Thumb Code     2  stm32f7xx_hal_i2c.o(i.HAL_I2C_MspDeInit)
    HAL_I2C_MspInit                          0x08001e17   Thumb Code     2  stm32f7xx_hal_i2c.o(i.HAL_I2C_MspInit)
    HAL_IncTick                              0x08001e19   Thumb Code    12  stm32f7xx_hal.o(i.HAL_IncTick)
    HAL_Init                                 0x08001e29   Thumb Code    22  stm32f7xx_hal.o(i.HAL_Init)
    HAL_InitTick                             0x08001e41   Thumb Code    54  stm32f7xx_hal.o(i.HAL_InitTick)
    HAL_LTDC_ConfigLayer                     0x08001e81   Thumb Code    82  stm32f7xx_hal_ltdc.o(i.HAL_LTDC_ConfigLayer)
    HAL_LTDC_GetState                        0x08001ed3   Thumb Code     6  stm32f7xx_hal_ltdc.o(i.HAL_LTDC_GetState)
    HAL_LTDC_Init                            0x08001ed9   Thumb Code   242  stm32f7xx_hal_ltdc.o(i.HAL_LTDC_Init)
    HAL_LTDC_MspInit                         0x08001fd1   Thumb Code   240  stm32f7xx_hal_msp.o(i.HAL_LTDC_MspInit)
    HAL_MspInit                              0x080020dd   Thumb Code    42  stm32f7xx_hal_msp.o(i.HAL_MspInit)
    HAL_NVIC_EnableIRQ                       0x0800210d   Thumb Code    26  stm32f7xx_hal_cortex.o(i.HAL_NVIC_EnableIRQ)
    HAL_NVIC_SetPriority                     0x08002129   Thumb Code    60  stm32f7xx_hal_cortex.o(i.HAL_NVIC_SetPriority)
    HAL_NVIC_SetPriorityGrouping             0x08002169   Thumb Code    28  stm32f7xx_hal_cortex.o(i.HAL_NVIC_SetPriorityGrouping)
    HAL_RCCEx_PeriphCLKConfig                0x0800218d   Thumb Code  1276  stm32f7xx_hal_rcc_ex.o(i.HAL_RCCEx_PeriphCLKConfig)
    HAL_RCC_ClockConfig                      0x08002689   Thumb Code   282  stm32f7xx_hal_rcc.o(i.HAL_RCC_ClockConfig)
    HAL_RCC_GetPCLK1Freq                     0x080027b5   Thumb Code    20  stm32f7xx_hal_rcc.o(i.HAL_RCC_GetPCLK1Freq)
    HAL_RCC_GetPCLK2Freq                     0x080027d5   Thumb Code    20  stm32f7xx_hal_rcc.o(i.HAL_RCC_GetPCLK2Freq)
    HAL_RCC_GetSysClockFreq                  0x080027f5   Thumb Code    88  stm32f7xx_hal_rcc.o(i.HAL_RCC_GetSysClockFreq)
    HAL_RCC_OscConfig                        0x08002859   Thumb Code   810  stm32f7xx_hal_rcc.o(i.HAL_RCC_OscConfig)
    HAL_SDRAM_Init                           0x08002b91   Thumb Code    66  stm32f7xx_hal_sdram.o(i.HAL_SDRAM_Init)
    HAL_SDRAM_MspInit                        0x08002bd3   Thumb Code     4  stm32f7xx_hal_msp.o(i.HAL_SDRAM_MspInit)
    HAL_SDRAM_ProgramRefreshRate             0x08002bd7   Thumb Code    34  stm32f7xx_hal_sdram.o(i.HAL_SDRAM_ProgramRefreshRate)
    HAL_SDRAM_SendCommand                    0x08002bf9   Thumb Code    48  stm32f7xx_hal_sdram.o(i.HAL_SDRAM_SendCommand)
    HAL_SYSTICK_Config                       0x08002c29   Thumb Code    38  stm32f7xx_hal_cortex.o(i.HAL_SYSTICK_Config)
    HAL_TIMEx_Break2Callback                 0x08002c4f   Thumb Code     2  stm32f7xx_hal_tim_ex.o(i.HAL_TIMEx_Break2Callback)
    HAL_TIMEx_BreakCallback                  0x08002c51   Thumb Code     2  stm32f7xx_hal_tim_ex.o(i.HAL_TIMEx_BreakCallback)
    HAL_TIMEx_CommutCallback                 0x08002c53   Thumb Code     2  stm32f7xx_hal_tim_ex.o(i.HAL_TIMEx_CommutCallback)
    HAL_TIMEx_MasterConfigSynchronization    0x08002c55   Thumb Code    88  stm32f7xx_hal_tim_ex.o(i.HAL_TIMEx_MasterConfigSynchronization)
    HAL_TIM_Base_Init                        0x08002cb5   Thumb Code    54  stm32f7xx_hal_tim.o(i.HAL_TIM_Base_Init)
    HAL_TIM_Base_MspInit                     0x08002ced   Thumb Code   170  stm32f7xx_hal_msp.o(i.HAL_TIM_Base_MspInit)
    HAL_TIM_Base_Start_IT                    0x08002da5   Thumb Code    40  stm32f7xx_hal_tim.o(i.HAL_TIM_Base_Start_IT)
    HAL_TIM_ConfigClockSource                0x08002dd1   Thumb Code   214  stm32f7xx_hal_tim.o(i.HAL_TIM_ConfigClockSource)
    HAL_TIM_IC_CaptureCallback               0x08002ead   Thumb Code     2  stm32f7xx_hal_tim.o(i.HAL_TIM_IC_CaptureCallback)
    HAL_TIM_IRQHandler                       0x08002eaf   Thumb Code   386  stm32f7xx_hal_tim.o(i.HAL_TIM_IRQHandler)
    HAL_TIM_OC_DelayElapsedCallback          0x08003031   Thumb Code     2  stm32f7xx_hal_tim.o(i.HAL_TIM_OC_DelayElapsedCallback)
    HAL_TIM_PWM_PulseFinishedCallback        0x08003033   Thumb Code     2  stm32f7xx_hal_tim.o(i.HAL_TIM_PWM_PulseFinishedCallback)
    HAL_TIM_PeriodElapsedCallback            0x08003035   Thumb Code    88  main.o(i.HAL_TIM_PeriodElapsedCallback)
    HAL_TIM_TriggerCallback                  0x08003095   Thumb Code     2  stm32f7xx_hal_tim.o(i.HAL_TIM_TriggerCallback)
    HAL_UART_Init                            0x08003097   Thumb Code   102  stm32f7xx_hal_uart.o(i.HAL_UART_Init)
    HAL_UART_MspInit                         0x080030fd   Thumb Code   126  stm32f7xx_hal_msp.o(i.HAL_UART_MspInit)
    HardFault_Handler                        0x0800318d   Thumb Code     2  stm32f7xx_it.o(i.HardFault_Handler)
    MemManage_Handler                        0x08003f59   Thumb Code     2  stm32f7xx_it.o(i.MemManage_Handler)
    NMI_Handler                              0x08003f5b   Thumb Code     2  stm32f7xx_it.o(i.NMI_Handler)
    PendSV_Handler                           0x08003f5d   Thumb Code     2  stm32f7xx_it.o(i.PendSV_Handler)
    SVC_Handler                              0x08003f5f   Thumb Code     2  stm32f7xx_it.o(i.SVC_Handler)
    SysTick_Handler                          0x08003f61   Thumb Code     4  stm32f7xx_it.o(i.SysTick_Handler)
    SystemClock_Config                       0x08003f65   Thumb Code   160  main.o(i.SystemClock_Config)
    SystemInit                               0x0800400d   Thumb Code    68  system_stm32f7xx.o(i.SystemInit)
    TIM2_IRQHandler                          0x08004061   Thumb Code     6  stm32f7xx_it.o(i.TIM2_IRQHandler)
    TIM_Base_SetConfig                       0x0800406d   Thumb Code   158  stm32f7xx_hal_tim.o(i.TIM_Base_SetConfig)
    TIM_ETR_SetConfig                        0x08004139   Thumb Code    18  stm32f7xx_hal_tim.o(i.TIM_ETR_SetConfig)
    TS_IO_Delay                              0x080041a1   Thumb Code     4  stm32746g_discovery.o(i.TS_IO_Delay)
    TS_IO_Init                               0x080041a5   Thumb Code     6  stm32746g_discovery.o(i.TS_IO_Init)
    TS_IO_Read                               0x080041b1   Thumb Code    34  stm32746g_discovery.o(i.TS_IO_Read)
    TS_IO_Write                              0x080041d9   Thumb Code    26  stm32746g_discovery.o(i.TS_IO_Write)
    UART_AdvFeatureConfig                    0x080041f9   Thumb Code   200  stm32f7xx_hal_uart.o(i.UART_AdvFeatureConfig)
    UART_CheckIdleState                      0x080042c1   Thumb Code    60  stm32f7xx_hal_uart.o(i.UART_CheckIdleState)
    UART_SetConfig                           0x080042fd   Thumb Code   546  stm32f7xx_hal_uart.o(i.UART_SetConfig)
    UART_WaitOnFlagUntilTimeout              0x08004551   Thumb Code    96  stm32f7xx_hal_uart.o(i.UART_WaitOnFlagUntilTimeout)
    UsageFault_Handler                       0x080045b1   Thumb Code     2  stm32f7xx_it.o(i.UsageFault_Handler)
    __scatterload_copy                       0x080045d5   Thumb Code    14  handlers.o(i.__scatterload_copy)
    __scatterload_null                       0x080045e3   Thumb Code     2  handlers.o(i.__scatterload_null)
    __scatterload_zeroinit                   0x080045e5   Thumb Code    14  handlers.o(i.__scatterload_zeroinit)
    ball_move                                0x080045f5   Thumb Code   414  main.o(i.ball_move)
    ball_touch                               0x08004799   Thumb Code    82  main.o(i.ball_touch)
    ball_touch_plat                          0x080047f5   Thumb Code   106  main.o(i.ball_touch_plat)
    ft5336_Init                              0x08004881   Thumb Code    16  ft5336.o(i.ft5336_Init)
    ft5336_ReadID                            0x08004891   Thumb Code    58  ft5336.o(i.ft5336_ReadID)
    ft5336_Reset                             0x080048cb   Thumb Code     2  ft5336.o(i.ft5336_Reset)
    ft5336_TS_ClearIT                        0x080048cd   Thumb Code     2  ft5336.o(i.ft5336_TS_ClearIT)
    ft5336_TS_DetectTouch                    0x080048d1   Thumb Code    60  ft5336.o(i.ft5336_TS_DetectTouch)
    ft5336_TS_DisableIT                      0x08004911   Thumb Code    10  ft5336.o(i.ft5336_TS_DisableIT)
    ft5336_TS_EnableIT                       0x0800491b   Thumb Code    10  ft5336.o(i.ft5336_TS_EnableIT)
    ft5336_TS_GetGestureID                   0x08004925   Thumb Code    30  ft5336.o(i.ft5336_TS_GetGestureID)
    ft5336_TS_GetTouchInfo                   0x08004945   Thumb Code   200  ft5336.o(i.ft5336_TS_GetTouchInfo)
    ft5336_TS_GetXY                          0x08004a11   Thumb Code   282  ft5336.o(i.ft5336_TS_GetXY)
    ft5336_TS_ITStatus                       0x08004b31   Thumb Code     4  ft5336.o(i.ft5336_TS_ITStatus)
    ft5336_TS_Start                          0x08004b35   Thumb Code     4  ft5336.o(i.ft5336_TS_Start)
    left_got_scores                          0x08004b39   Thumb Code   106  main.o(i.left_got_scores)
    left_plat                                0x08004ba9   Thumb Code    54  main.o(i.left_plat)
    main                                     0x08004be9   Thumb Code   366  main.o(i.main)
    right_got_scores                         0x08004d79   Thumb Code   106  main.o(i.right_got_scores)
    right_plat                               0x08004de9   Thumb Code    58  main.o(i.right_plat)
    Font24_Table                             0x08004e34   Data        6840  stm32746g_discovery_lcd.o(.constdata)
    AHBPrescTable                            0x080068ec   Data          16  system_stm32f7xx.o(.constdata)
    APBPrescTable                            0x080068fc   Data           8  system_stm32f7xx.o(.constdata)
    Region$$Table$$Base                      0x08006904   Number         0  anon$$obj.o(Region$$Table)
    Region$$Table$$Limit                     0x08006924   Number         0  anon$$obj.o(Region$$Table)
    x                                        0x20000000   Data           4  main.o(.data)
    y                                        0x20000004   Data           4  main.o(.data)
    speed                                    0x20000008   Data           4  main.o(.data)
    set                                      0x2000000c   Data           4  main.o(.data)
    preloc                                   0x20000010   Data           4  main.o(.data)
    end                                      0x20000014   Data           4  main.o(.data)
    direction                                0x20000018   Data           4  main.o(.data)
    score                                    0x2000001c   Data           7  main.o(.data)
    speeds                                   0x20000023   Data          12  main.o(.data)
    uwTickFreq                               0x20000038   Data           1  stm32f7xx_hal.o(.data)
    uwTickPrio                               0x2000003c   Data           4  stm32f7xx_hal.o(.data)
    uwTick                                   0x20000040   Data           4  stm32f7xx_hal.o(.data)
    Font24                                   0x20000048   Data           8  stm32746g_discovery_lcd.o(.data)
    ft5336_ts_drv                            0x20000060   Data          40  ft5336.o(.data)
    SystemCoreClock                          0x20000090   Data           4  system_stm32f7xx.o(.data)
    hcrc                                     0x20000098   Data          36  main.o(.bss)
    hdma2d                                   0x200000bc   Data          64  main.o(.bss)
    hltdc                                    0x200000fc   Data         168  main.o(.bss)
    htim1                                    0x200001a4   Data          64  main.o(.bss)
    htim2                                    0x200001e4   Data          64  main.o(.bss)
    huart1                                   0x20000224   Data         128  main.o(.bss)
    hsdram1                                  0x200002a4   Data          52  main.o(.bss)
    ts                                       0x200002d8   Data          44  main.o(.bss)
    hLtdcHandler                             0x20000388   Data         168  stm32746g_discovery_lcd.o(.bss)
    sdramHandle                              0x20000548   Data          52  stm32746g_discovery_sdram.o(.bss)
    __initial_sp                             0x20000a68   Data           0  startup_stm32f746xx.o(STACK)



==============================================================================

Memory Map of the image

  Image Entry point : 0x080001c9

  Load Region LR_IROM1 (Base: 0x08000000, Size: 0x000069bc, Max: 0x00100000, ABSOLUTE)

    Execution Region ER_IROM1 (Exec base: 0x08000000, Load base: 0x08000000, Size: 0x00006924, Max: 0x00100000, ABSOLUTE)

    Exec Addr    Load Addr    Size         Type   Attr      Idx    E Section Name        Object

    0x08000000   0x08000000   0x000001c8   Data   RO            3    RESET               startup_stm32f746xx.o
    0x080001c8   0x080001c8   0x00000000   Code   RO         5275  * .ARM.Collect$$$$00000000  mc_w.l(entry.o)
    0x080001c8   0x080001c8   0x00000004   Code   RO         5289    .ARM.Collect$$$$00000001  mc_w.l(entry2.o)
    0x080001cc   0x080001cc   0x00000004   Code   RO         5292    .ARM.Collect$$$$00000004  mc_w.l(entry5.o)
    0x080001d0   0x080001d0   0x00000000   Code   RO         5294    .ARM.Collect$$$$00000008  mc_w.l(entry7b.o)
    0x080001d0   0x080001d0   0x00000000   Code   RO         5296    .ARM.Collect$$$$0000000A  mc_w.l(entry8b.o)
    0x080001d0   0x080001d0   0x00000008   Code   RO         5297    .ARM.Collect$$$$0000000B  mc_w.l(entry9a.o)
    0x080001d8   0x080001d8   0x00000000   Code   RO         5299    .ARM.Collect$$$$0000000D  mc_w.l(entry10a.o)
    0x080001d8   0x080001d8   0x00000000   Code   RO         5301    .ARM.Collect$$$$0000000F  mc_w.l(entry11a.o)
    0x080001d8   0x080001d8   0x00000004   Code   RO         5290    .ARM.Collect$$$$00002712  mc_w.l(entry2.o)
    0x080001dc   0x080001dc   0x00000024   Code   RO            4    .text               startup_stm32f746xx.o
    0x08000200   0x08000200   0x00000062   Code   RO         5278    .text               mc_w.l(uldiv.o)
    0x08000262   0x08000262   0x00000002   PAD
    0x08000264   0x08000264   0x00000024   Code   RO         5280    .text               mc_w.l(rand.o)
    0x08000288   0x08000288   0x00000024   Code   RO         5283    .text               mc_w.l(memcpya.o)
    0x080002ac   0x080002ac   0x00000024   Code   RO         5285    .text               mc_w.l(memseta.o)
    0x080002d0   0x080002d0   0x0000001e   Code   RO         5303    .text               mc_w.l(llshl.o)
    0x080002ee   0x080002ee   0x00000020   Code   RO         5305    .text               mc_w.l(llushr.o)
    0x0800030e   0x0800030e   0x00000002   PAD
    0x08000310   0x08000310   0x00000024   Code   RO         5307    .text               mc_w.l(init.o)
    0x08000334   0x08000334   0x00000038   Code   RO         4400    i.BSP_LCD_Clear     stm32746g_discovery_lcd.o
    0x0800036c   0x0800036c   0x00000020   Code   RO         4402    i.BSP_LCD_ClockConfig  stm32746g_discovery_lcd.o
    0x0800038c   0x0800038c   0x00000034   Code   RO         4404    i.BSP_LCD_DisplayChar  stm32746g_discovery_lcd.o
    0x080003c0   0x080003c0   0x00000034   Code   RO         4406    i.BSP_LCD_DisplayOn  stm32746g_discovery_lcd.o
    0x080003f4   0x080003f4   0x000000c8   Code   RO         4407    i.BSP_LCD_DisplayStringAt  stm32746g_discovery_lcd.o
    0x080004bc   0x080004bc   0x00000118   Code   RO         4410    i.BSP_LCD_DrawCircle  stm32746g_discovery_lcd.o
    0x080005d4   0x080005d4   0x0000007c   Code   RO         4412    i.BSP_LCD_DrawHLine  stm32746g_discovery_lcd.o
    0x08000650   0x08000650   0x00000064   Code   RO         4414    i.BSP_LCD_DrawPixel  stm32746g_discovery_lcd.o
    0x080006b4   0x080006b4   0x000000c4   Code   RO         4418    i.BSP_LCD_FillCircle  stm32746g_discovery_lcd.o
    0x08000778   0x08000778   0x0000009c   Code   RO         4421    i.BSP_LCD_FillRect  stm32746g_discovery_lcd.o
    0x08000814   0x08000814   0x00000020   Code   RO         4425    i.BSP_LCD_GetXSize  stm32746g_discovery_lcd.o
    0x08000834   0x08000834   0x00000020   Code   RO         4426    i.BSP_LCD_GetYSize  stm32746g_discovery_lcd.o
    0x08000854   0x08000854   0x000000a4   Code   RO         4427    i.BSP_LCD_Init      stm32746g_discovery_lcd.o
    0x080008f8   0x080008f8   0x00000078   Code   RO         4428    i.BSP_LCD_LayerDefaultInit  stm32746g_discovery_lcd.o
    0x08000970   0x08000970   0x00000138   Code   RO         4431    i.BSP_LCD_MspInit   stm32746g_discovery_lcd.o
    0x08000aa8   0x08000aa8   0x0000000c   Code   RO         4436    i.BSP_LCD_SelectLayer  stm32746g_discovery_lcd.o
    0x08000ab4   0x08000ab4   0x0000001c   Code   RO         4437    i.BSP_LCD_SetBackColor  stm32746g_discovery_lcd.o
    0x08000ad0   0x08000ad0   0x0000001c   Code   RO         4440    i.BSP_LCD_SetFont   stm32746g_discovery_lcd.o
    0x08000aec   0x08000aec   0x00000018   Code   RO         4447    i.BSP_LCD_SetTextColor  stm32746g_discovery_lcd.o
    0x08000b04   0x08000b04   0x00000078   Code   RO         4781    i.BSP_SDRAM_Init    stm32746g_discovery_sdram.o
    0x08000b7c   0x08000b7c   0x0000008c   Code   RO         4782    i.BSP_SDRAM_Initialization_sequence  stm32746g_discovery_sdram.o
    0x08000c08   0x08000c08   0x00000168   Code   RO         4784    i.BSP_SDRAM_MspInit  stm32746g_discovery_sdram.o
    0x08000d70   0x08000d70   0x00000170   Code   RO         4863    i.BSP_TS_GetState   stm32746g_discovery_ts.o
    0x08000ee0   0x08000ee0   0x0000005c   Code   RO         4864    i.BSP_TS_Get_GestureId  stm32746g_discovery_ts.o
    0x08000f3c   0x08000f3c   0x0000003c   Code   RO         4868    i.BSP_TS_Init       stm32746g_discovery_ts.o
    0x08000f78   0x08000f78   0x00000002   Code   RO          302    i.BusFault_Handler  stm32f7xx_it.o
    0x08000f7a   0x08000f7a   0x00000092   Code   RO          738    i.DMA2D_SetConfig   stm32f7xx_hal_dma2d.o
    0x0800100c   0x0800100c   0x00000028   Code   RO         3280    i.DMA_CalcBaseAndBitshift  stm32f7xx_hal_dma.o
    0x08001034   0x08001034   0x00000054   Code   RO         3281    i.DMA_CheckFifoParam  stm32f7xx_hal_dma.o
    0x08001088   0x08001088   0x00000002   Code   RO          303    i.DebugMon_Handler  stm32f7xx_it.o
    0x0800108a   0x0800108a   0x00000002   PAD
    0x0800108c   0x0800108c   0x000000b0   Code   RO         4452    i.DrawChar          stm32746g_discovery_lcd.o
    0x0800113c   0x0800113c   0x00000008   Code   RO          304    i.EXTI15_10_IRQHandler  stm32f7xx_it.o
    0x08001144   0x08001144   0x0000005e   Code   RO          950    i.FMC_SDRAM_Init    stm32f7xx_ll_fmc.o
    0x080011a2   0x080011a2   0x0000000c   Code   RO          951    i.FMC_SDRAM_ProgramRefreshRate  stm32f7xx_ll_fmc.o
    0x080011ae   0x080011ae   0x00000020   Code   RO          952    i.FMC_SDRAM_SendCommand  stm32f7xx_ll_fmc.o
    0x080011ce   0x080011ce   0x00000002   PAD
    0x080011d0   0x080011d0   0x0000008c   Code   RO          954    i.FMC_SDRAM_Timing_Init  stm32f7xx_ll_fmc.o
    0x0800125c   0x0800125c   0x0000004e   Code   RO          704    i.HAL_CRCEx_Polynomial_Set  stm32f7xx_hal_crc_ex.o
    0x080012aa   0x080012aa   0x00000002   PAD
    0x080012ac   0x080012ac   0x00000078   Code   RO          638    i.HAL_CRC_Init      stm32f7xx_hal_crc.o
    0x08001324   0x08001324   0x00000028   Code   RO          395    i.HAL_CRC_MspInit   stm32f7xx_hal_msp.o
    0x0800134c   0x0800134c   0x000000a0   Code   RO          750    i.HAL_DMA2D_ConfigLayer  stm32f7xx_hal_dma2d.o
    0x080013ec   0x080013ec   0x0000005a   Code   RO          758    i.HAL_DMA2D_Init    stm32f7xx_hal_dma2d.o
    0x08001446   0x08001446   0x00000002   PAD
    0x08001448   0x08001448   0x00000028   Code   RO          397    i.HAL_DMA2D_MspInit  stm32f7xx_hal_msp.o
    0x08001470   0x08001470   0x0000010e   Code   RO          762    i.HAL_DMA2D_PollForTransfer  stm32f7xx_hal_dma2d.o
    0x0800157e   0x0800157e   0x00000034   Code   RO          765    i.HAL_DMA2D_Start   stm32f7xx_hal_dma2d.o
    0x080015b2   0x080015b2   0x00000062   Code   RO         3285    i.HAL_DMA_DeInit    stm32f7xx_hal_dma.o
    0x08001614   0x08001614   0x000000e4   Code   RO         3289    i.HAL_DMA_Init      stm32f7xx_hal_dma.o
    0x080016f8   0x080016f8   0x00000024   Code   RO         3650    i.HAL_Delay         stm32f7xx_hal.o
    0x0800171c   0x0800171c   0x000000b4   Code   RO          398    i.HAL_FMC_MspInit   stm32f7xx_hal_msp.o
    0x080017d0   0x080017d0   0x0000008c   Code   RO           14    i.HAL_GPIO_EXTI_Callback  main.o
    0x0800185c   0x0800185c   0x00000018   Code   RO         3216    i.HAL_GPIO_EXTI_IRQHandler  stm32f7xx_hal_gpio.o
    0x08001874   0x08001874   0x000001d8   Code   RO         3217    i.HAL_GPIO_Init     stm32f7xx_hal_gpio.o
    0x08001a4c   0x08001a4c   0x0000000a   Code   RO         3221    i.HAL_GPIO_WritePin  stm32f7xx_hal_gpio.o
    0x08001a56   0x08001a56   0x00000002   PAD
    0x08001a58   0x08001a58   0x0000000c   Code   RO         3658    i.HAL_GetTick       stm32f7xx_hal.o
    0x08001a64   0x08001a64   0x00000034   Code   RO         3843    i.HAL_I2C_DeInit    stm32f7xx_hal_i2c.o
    0x08001a98   0x08001a98   0x00000006   Code   RO         3851    i.HAL_I2C_GetState  stm32f7xx_hal_i2c.o
    0x08001a9e   0x08001a9e   0x00000002   PAD
    0x08001aa0   0x08001aa0   0x000000b8   Code   RO         3852    i.HAL_I2C_Init      stm32f7xx_hal_i2c.o
    0x08001b58   0x08001b58   0x00000164   Code   RO         3870    i.HAL_I2C_Mem_Read  stm32f7xx_hal_i2c.o
    0x08001cbc   0x08001cbc   0x00000158   Code   RO         3873    i.HAL_I2C_Mem_Write  stm32f7xx_hal_i2c.o
    0x08001e14   0x08001e14   0x00000002   Code   RO         3876    i.HAL_I2C_MspDeInit  stm32f7xx_hal_i2c.o
    0x08001e16   0x08001e16   0x00000002   Code   RO         3877    i.HAL_I2C_MspInit   stm32f7xx_hal_i2c.o
    0x08001e18   0x08001e18   0x00000010   Code   RO         3664    i.HAL_IncTick       stm32f7xx_hal.o
    0x08001e28   0x08001e28   0x00000016   Code   RO         3665    i.HAL_Init          stm32f7xx_hal.o
    0x08001e3e   0x08001e3e   0x00000002   PAD
    0x08001e40   0x08001e40   0x00000040   Code   RO         3666    i.HAL_InitTick      stm32f7xx_hal.o
    0x08001e80   0x08001e80   0x00000052   Code   RO         1244    i.HAL_LTDC_ConfigLayer  stm32f7xx_hal_ltdc.o
    0x08001ed2   0x08001ed2   0x00000006   Code   RO         1259    i.HAL_LTDC_GetState  stm32f7xx_hal_ltdc.o
    0x08001ed8   0x08001ed8   0x000000f8   Code   RO         1261    i.HAL_LTDC_Init     stm32f7xx_hal_ltdc.o
    0x08001fd0   0x08001fd0   0x0000010c   Code   RO          400    i.HAL_LTDC_MspInit  stm32f7xx_hal_msp.o
    0x080020dc   0x080020dc   0x00000030   Code   RO          401    i.HAL_MspInit       stm32f7xx_hal_msp.o
    0x0800210c   0x0800210c   0x0000001a   Code   RO          502    i.HAL_NVIC_EnableIRQ  stm32f7xx_hal_cortex.o
    0x08002126   0x08002126   0x00000002   PAD
    0x08002128   0x08002128   0x00000040   Code   RO          508    i.HAL_NVIC_SetPriority  stm32f7xx_hal_cortex.o
    0x08002168   0x08002168   0x00000024   Code   RO          509    i.HAL_NVIC_SetPriorityGrouping  stm32f7xx_hal_cortex.o
    0x0800218c   0x0800218c   0x000004fc   Code   RO         2978    i.HAL_RCCEx_PeriphCLKConfig  stm32f7xx_hal_rcc_ex.o
    0x08002688   0x08002688   0x0000012c   Code   RO         2871    i.HAL_RCC_ClockConfig  stm32f7xx_hal_rcc.o
    0x080027b4   0x080027b4   0x00000020   Code   RO         2878    i.HAL_RCC_GetPCLK1Freq  stm32f7xx_hal_rcc.o
    0x080027d4   0x080027d4   0x00000020   Code   RO         2879    i.HAL_RCC_GetPCLK2Freq  stm32f7xx_hal_rcc.o
    0x080027f4   0x080027f4   0x00000064   Code   RO         2880    i.HAL_RCC_GetSysClockFreq  stm32f7xx_hal_rcc.o
    0x08002858   0x08002858   0x00000338   Code   RO         2883    i.HAL_RCC_OscConfig  stm32f7xx_hal_rcc.o
    0x08002b90   0x08002b90   0x00000042   Code   RO         1091    i.HAL_SDRAM_Init    stm32f7xx_hal_sdram.o
    0x08002bd2   0x08002bd2   0x00000004   Code   RO          403    i.HAL_SDRAM_MspInit  stm32f7xx_hal_msp.o
    0x08002bd6   0x08002bd6   0x00000022   Code   RO         1094    i.HAL_SDRAM_ProgramRefreshRate  stm32f7xx_hal_sdram.o
    0x08002bf8   0x08002bf8   0x00000030   Code   RO         1100    i.HAL_SDRAM_SendCommand  stm32f7xx_hal_sdram.o
    0x08002c28   0x08002c28   0x00000026   Code   RO          513    i.HAL_SYSTICK_Config  stm32f7xx_hal_cortex.o
    0x08002c4e   0x08002c4e   0x00000002   Code   RO         2221    i.HAL_TIMEx_Break2Callback  stm32f7xx_hal_tim_ex.o
    0x08002c50   0x08002c50   0x00000002   Code   RO         2222    i.HAL_TIMEx_BreakCallback  stm32f7xx_hal_tim_ex.o
    0x08002c52   0x08002c52   0x00000002   Code   RO         2223    i.HAL_TIMEx_CommutCallback  stm32f7xx_hal_tim_ex.o
    0x08002c54   0x08002c54   0x00000060   Code   RO         2241    i.HAL_TIMEx_MasterConfigSynchronization  stm32f7xx_hal_tim_ex.o
    0x08002cb4   0x08002cb4   0x00000036   Code   RO         1536    i.HAL_TIM_Base_Init  stm32f7xx_hal_tim.o
    0x08002cea   0x08002cea   0x00000002   PAD
    0x08002cec   0x08002cec   0x000000b8   Code   RO          405    i.HAL_TIM_Base_MspInit  stm32f7xx_hal_msp.o
    0x08002da4   0x08002da4   0x0000002c   Code   RO         1541    i.HAL_TIM_Base_Start_IT  stm32f7xx_hal_tim.o
    0x08002dd0   0x08002dd0   0x000000dc   Code   RO         1545    i.HAL_TIM_ConfigClockSource  stm32f7xx_hal_tim.o
    0x08002eac   0x08002eac   0x00000002   Code   RO         1565    i.HAL_TIM_IC_CaptureCallback  stm32f7xx_hal_tim.o
    0x08002eae   0x08002eae   0x00000182   Code   RO         1579    i.HAL_TIM_IRQHandler  stm32f7xx_hal_tim.o
    0x08003030   0x08003030   0x00000002   Code   RO         1582    i.HAL_TIM_OC_DelayElapsedCallback  stm32f7xx_hal_tim.o
    0x08003032   0x08003032   0x00000002   Code   RO         1609    i.HAL_TIM_PWM_PulseFinishedCallback  stm32f7xx_hal_tim.o
    0x08003034   0x08003034   0x00000060   Code   RO           15    i.HAL_TIM_PeriodElapsedCallback  main.o
    0x08003094   0x08003094   0x00000002   Code   RO         1622    i.HAL_TIM_TriggerCallback  stm32f7xx_hal_tim.o
    0x08003096   0x08003096   0x00000066   Code   RO         2510    i.HAL_UART_Init     stm32f7xx_hal_uart.o
    0x080030fc   0x080030fc   0x00000090   Code   RO          407    i.HAL_UART_MspInit  stm32f7xx_hal_msp.o
    0x0800318c   0x0800318c   0x00000002   Code   RO          305    i.HardFault_Handler  stm32f7xx_it.o
    0x0800318e   0x0800318e   0x00000022   Code   RO         3899    i.I2C_Flush_TXDR    stm32f7xx_hal_i2c.o
    0x080031b0   0x080031b0   0x00000088   Code   RO         3907    i.I2C_IsAcknowledgeFailed  stm32f7xx_hal_i2c.o
    0x08003238   0x08003238   0x00000064   Code   RO         3910    i.I2C_RequestMemoryRead  stm32f7xx_hal_i2c.o
    0x0800329c   0x0800329c   0x00000064   Code   RO         3911    i.I2C_RequestMemoryWrite  stm32f7xx_hal_i2c.o
    0x08003300   0x08003300   0x0000002c   Code   RO         3914    i.I2C_TransferConfig  stm32f7xx_hal_i2c.o
    0x0800332c   0x0800332c   0x0000005a   Code   RO         3915    i.I2C_WaitOnFlagUntilTimeout  stm32f7xx_hal_i2c.o
    0x08003386   0x08003386   0x0000004e   Code   RO         3917    i.I2C_WaitOnSTOPFlagUntilTimeout  stm32f7xx_hal_i2c.o
    0x080033d4   0x080033d4   0x00000052   Code   RO         3918    i.I2C_WaitOnTXISFlagUntilTimeout  stm32f7xx_hal_i2c.o
    0x08003426   0x08003426   0x00000012   Code   RO         5048    i.I2Cx_Error        stm32746g_discovery.o
    0x08003438   0x08003438   0x00000050   Code   RO         5049    i.I2Cx_Init         stm32746g_discovery.o
    0x08003488   0x08003488   0x00000124   Code   RO         5050    i.I2Cx_MspInit      stm32746g_discovery.o
    0x080035ac   0x080035ac   0x0000002a   Code   RO         5051    i.I2Cx_ReadMultiple  stm32746g_discovery.o
    0x080035d6   0x080035d6   0x0000002a   Code   RO         5052    i.I2Cx_WriteMultiple  stm32746g_discovery.o
    0x08003600   0x08003600   0x00000080   Code   RO         4455    i.LL_FillBuffer     stm32746g_discovery_lcd.o
    0x08003680   0x08003680   0x000001d0   Code   RO         1280    i.LTDC_SetConfig    stm32f7xx_hal_ltdc.o
    0x08003850   0x08003850   0x00000050   Code   RO           16    i.MX_FMC_Init       main.o
    0x080038a0   0x080038a0   0x0000051c   Code   RO           17    i.MX_GPIO_Init      main.o
    0x08003dbc   0x08003dbc   0x000000c4   Code   RO           18    i.MX_LTDC_Init      main.o
    0x08003e80   0x08003e80   0x00000058   Code   RO           19    i.MX_TIM1_Init      main.o
    0x08003ed8   0x08003ed8   0x00000050   Code   RO           20    i.MX_TIM2_Init      main.o
    0x08003f28   0x08003f28   0x00000030   Code   RO           21    i.MX_USART1_UART_Init  main.o
    0x08003f58   0x08003f58   0x00000002   Code   RO          306    i.MemManage_Handler  stm32f7xx_it.o
    0x08003f5a   0x08003f5a   0x00000002   Code   RO          307    i.NMI_Handler       stm32f7xx_it.o
    0x08003f5c   0x08003f5c   0x00000002   Code   RO          308    i.PendSV_Handler    stm32f7xx_it.o
    0x08003f5e   0x08003f5e   0x00000002   Code   RO          309    i.SVC_Handler       stm32f7xx_it.o
    0x08003f60   0x08003f60   0x00000004   Code   RO          310    i.SysTick_Handler   stm32f7xx_it.o
    0x08003f64   0x08003f64   0x000000a8   Code   RO           22    i.SystemClock_Config  main.o
    0x0800400c   0x0800400c   0x00000054   Code   RO         5241    i.SystemInit        system_stm32f7xx.o
    0x08004060   0x08004060   0x0000000c   Code   RO          311    i.TIM2_IRQHandler   stm32f7xx_it.o
    0x0800406c   0x0800406c   0x000000cc   Code   RO         1624    i.TIM_Base_SetConfig  stm32f7xx_hal_tim.o
    0x08004138   0x08004138   0x00000012   Code   RO         1635    i.TIM_ETR_SetConfig  stm32f7xx_hal_tim.o
    0x0800414a   0x0800414a   0x00000010   Code   RO         1636    i.TIM_ITRx_SetConfig  stm32f7xx_hal_tim.o
    0x0800415a   0x0800415a   0x00000022   Code   RO         1644    i.TIM_TI1_ConfigInputStage  stm32f7xx_hal_tim.o
    0x0800417c   0x0800417c   0x00000024   Code   RO         1646    i.TIM_TI2_ConfigInputStage  stm32f7xx_hal_tim.o
    0x080041a0   0x080041a0   0x00000004   Code   RO         5053    i.TS_IO_Delay       stm32746g_discovery.o
    0x080041a4   0x080041a4   0x0000000c   Code   RO         5054    i.TS_IO_Init        stm32746g_discovery.o
    0x080041b0   0x080041b0   0x00000028   Code   RO         5055    i.TS_IO_Read        stm32746g_discovery.o
    0x080041d8   0x080041d8   0x00000020   Code   RO         5056    i.TS_IO_Write       stm32746g_discovery.o
    0x080041f8   0x080041f8   0x000000c8   Code   RO         2523    i.UART_AdvFeatureConfig  stm32f7xx_hal_uart.o
    0x080042c0   0x080042c0   0x0000003c   Code   RO         2524    i.UART_CheckIdleState  stm32f7xx_hal_uart.o
    0x080042fc   0x080042fc   0x00000254   Code   RO         2539    i.UART_SetConfig    stm32f7xx_hal_uart.o
    0x08004550   0x08004550   0x00000060   Code   RO         2542    i.UART_WaitOnFlagUntilTimeout  stm32f7xx_hal_uart.o
    0x080045b0   0x080045b0   0x00000002   Code   RO          312    i.UsageFault_Handler  stm32f7xx_it.o
    0x080045b2   0x080045b2   0x00000022   Code   RO          515    i.__NVIC_SetPriority  stm32f7xx_hal_cortex.o
    0x080045d4   0x080045d4   0x0000000e   Code   RO         5311    i.__scatterload_copy  mc_w.l(handlers.o)
    0x080045e2   0x080045e2   0x00000002   Code   RO         5312    i.__scatterload_null  mc_w.l(handlers.o)
    0x080045e4   0x080045e4   0x0000000e   Code   RO         5313    i.__scatterload_zeroinit  mc_w.l(handlers.o)
    0x080045f2   0x080045f2   0x00000002   PAD
    0x080045f4   0x080045f4   0x000001a4   Code   RO           23    i.ball_move         main.o
    0x08004798   0x08004798   0x0000005c   Code   RO           24    i.ball_touch        main.o
    0x080047f4   0x080047f4   0x00000074   Code   RO           25    i.ball_touch_plat   main.o
    0x08004868   0x08004868   0x00000018   Code   RO         4928    i.ft5336_I2C_InitializeIfRequired  ft5336.o
    0x08004880   0x08004880   0x00000010   Code   RO         4929    i.ft5336_Init       ft5336.o
    0x08004890   0x08004890   0x0000003a   Code   RO         4930    i.ft5336_ReadID     ft5336.o
    0x080048ca   0x080048ca   0x00000002   Code   RO         4931    i.ft5336_Reset      ft5336.o
    0x080048cc   0x080048cc   0x00000002   Code   RO         4932    i.ft5336_TS_ClearIT  ft5336.o
    0x080048ce   0x080048ce   0x00000002   PAD
    0x080048d0   0x080048d0   0x00000040   Code   RO         4933    i.ft5336_TS_DetectTouch  ft5336.o
    0x08004910   0x08004910   0x0000000a   Code   RO         4934    i.ft5336_TS_DisableIT  ft5336.o
    0x0800491a   0x0800491a   0x0000000a   Code   RO         4935    i.ft5336_TS_EnableIT  ft5336.o
    0x08004924   0x08004924   0x0000001e   Code   RO         4936    i.ft5336_TS_GetGestureID  ft5336.o
    0x08004942   0x08004942   0x00000002   PAD
    0x08004944   0x08004944   0x000000cc   Code   RO         4937    i.ft5336_TS_GetTouchInfo  ft5336.o
    0x08004a10   0x08004a10   0x00000120   Code   RO         4938    i.ft5336_TS_GetXY   ft5336.o
    0x08004b30   0x08004b30   0x00000004   Code   RO         4939    i.ft5336_TS_ITStatus  ft5336.o
    0x08004b34   0x08004b34   0x00000004   Code   RO         4940    i.ft5336_TS_Start   ft5336.o
    0x08004b38   0x08004b38   0x00000070   Code   RO           27    i.left_got_scores   main.o
    0x08004ba8   0x08004ba8   0x00000040   Code   RO           28    i.left_plat         main.o
    0x08004be8   0x08004be8   0x00000190   Code   RO           29    i.main              main.o
    0x08004d78   0x08004d78   0x00000070   Code   RO           30    i.right_got_scores  main.o
    0x08004de8   0x08004de8   0x00000044   Code   RO           31    i.right_plat        main.o
    0x08004e2c   0x08004e2c   0x00000008   Data   RO         3295    .constdata          stm32f7xx_hal_dma.o
    0x08004e34   0x08004e34   0x00001ab8   Data   RO         4457    .constdata          stm32746g_discovery_lcd.o
    0x080068ec   0x080068ec   0x00000010   Data   RO         5242    .constdata          system_stm32f7xx.o
    0x080068fc   0x080068fc   0x00000008   Data   RO         5243    .constdata          system_stm32f7xx.o
    0x08006904   0x08006904   0x00000020   Data   RO         5309    Region$$Table       anon$$obj.o


    Execution Region RW_IRAM1 (Exec base: 0x20000000, Load base: 0x08006924, Size: 0x00000a68, Max: 0x00050000, ABSOLUTE)

    Exec Addr    Load Addr    Size         Type   Attr      Idx    E Section Name        Object

    0x20000000   0x08006924   0x0000002f   Data   RW           34    .data               main.o
    0x2000002f   0x08006953   0x00000001   PAD
    0x20000030   0x08006954   0x00000008   Data   RW          408    .data               stm32f7xx_hal_msp.o
    0x20000038   0x0800695c   0x0000000c   Data   RW         3672    .data               stm32f7xx_hal.o
    0x20000044   0x08006968   0x0000000c   Data   RW         4462    .data               stm32746g_discovery_lcd.o
    0x20000050   0x08006974   0x00000002   Data   RW         4791    .data               stm32746g_discovery_sdram.o
    0x20000052   0x08006976   0x00000002   PAD
    0x20000054   0x08006978   0x0000000c   Data   RW         4871    .data               stm32746g_discovery_ts.o
    0x20000060   0x08006984   0x00000028   Data   RW         4941    .data               ft5336.o
    0x20000088   0x080069ac   0x00000005   Data   RW         4942    .data               ft5336.o
    0x2000008d   0x080069b1   0x00000003   PAD
    0x20000090   0x080069b4   0x00000004   Data   RW         5244    .data               system_stm32f7xx.o
    0x20000094   0x080069b8   0x00000004   Data   RW         5281    .data               mc_w.l(rand.o)
    0x20000098        -       0x0000026c   Zero   RW           32    .bss                main.o
    0x20000304        -       0x00000184   Zero   RW         4456    .bss                stm32746g_discovery_lcd.o
    0x20000488        -       0x00000120   Zero   RW         4790    .bss                stm32746g_discovery_sdram.o
    0x200005a8        -       0x00000028   Zero   RW         4870    .bss                stm32746g_discovery_ts.o
    0x200005d0        -       0x00000098   Zero   RW         5057    .bss                stm32746g_discovery.o
    0x20000668        -       0x00000400   Zero   RW            1    STACK               startup_stm32f746xx.o


==============================================================================

Image component sizes


      Code (inc. data)   RO Data    RW Data    ZI Data      Debug   Object Name

       716         38          0         45          0      17867   ft5336.o
      3588        294          0         47        620     896044   main.o
        36          8        456          0       1024        836   startup_stm32f746xx.o
       562         60          0          0        152       8976   stm32746g_discovery.o
      2304        220       6840         12        388      26146   stm32746g_discovery_lcd.o
       620         56          0          2        288       5180   stm32746g_discovery_sdram.o
       520         22          0         12         40       4111   stm32746g_discovery_ts.o
       150         24          0         12          0       9045   stm32f7xx_hal.o
       198         12          0          0          0      38999   stm32f7xx_hal_cortex.o
       120          6          0          0          0       1163   stm32f7xx_hal_crc.o
        78          0          0          0          0       1275   stm32f7xx_hal_crc_ex.o
       450         12          8          0          0       3700   stm32f7xx_hal_dma.o
       718          4          0          0          0       5151   stm32f7xx_hal_dma2d.o
       506         60          0          0          0       3203   stm32f7xx_hal_gpio.o
      1610         38          0          0          0      14168   stm32f7xx_hal_i2c.o
       800          6          0          0          0       3679   stm32f7xx_hal_ltdc.o
       908        120          0          8          0       5869   stm32f7xx_hal_msp.o
      1288         68          0          0          0       5120   stm32f7xx_hal_rcc.o
      1276         16          0          0          0       2288   stm32f7xx_hal_rcc_ex.o
       148          0          0          0          0       2728   stm32f7xx_hal_sdram.o
      1020         56          0          0          0      10089   stm32f7xx_hal_tim.o
       102          8          0          0          0       3056   stm32f7xx_hal_tim_ex.o
      1054         70          0          0          0       5021   stm32f7xx_hal_uart.o
        40          6          0          0          0       5031   stm32f7xx_it.o
       278          6          0          0          0       3392   stm32f7xx_ll_fmc.o
        84         16         24          4          0       1227   system_stm32f7xx.o

    ----------------------------------------------------------------------
     19196       1226       7360        148       2512    1083364   Object Totals
         0          0         32          0          0          0   (incl. Generated)
        22          0          0          6          0          0   (incl. Padding)

    ----------------------------------------------------------------------

      Code (inc. data)   RO Data    RW Data    ZI Data      Debug   Library Member Name

         0          0          0          0          0          0   entry.o
         0          0          0          0          0          0   entry10a.o
         0          0          0          0          0          0   entry11a.o
         8          4          0          0          0          0   entry2.o
         4          0          0          0          0          0   entry5.o
         0          0          0          0          0          0   entry7b.o
         0          0          0          0          0          0   entry8b.o
         8          4          0          0          0          0   entry9a.o
        30          0          0          0          0          0   handlers.o
        36          8          0          0          0         68   init.o
        30          0          0          0          0         68   llshl.o
        32          0          0          0          0         68   llushr.o
        36          0          0          0          0         68   memcpya.o
        36          0          0          0          0        108   memseta.o
        36         10          0          4          0        136   rand.o
        98          0          0          0          0         92   uldiv.o

    ----------------------------------------------------------------------
       360         26          0          4          0        608   Library Totals
         6          0          0          0          0          0   (incl. Padding)

    ----------------------------------------------------------------------

      Code (inc. data)   RO Data    RW Data    ZI Data      Debug   Library Name

       354         26          0          4          0        608   mc_w.l

    ----------------------------------------------------------------------
       360         26          0          4          0        608   Library Totals

    ----------------------------------------------------------------------

==============================================================================


      Code (inc. data)   RO Data    RW Data    ZI Data      Debug   

     19556       1252       7360        152       2512    1068420   Grand Totals
     19556       1252       7360        152       2512    1068420   ELF Image Totals
     19556       1252       7360        152          0          0   ROM Totals

==============================================================================

    Total RO  Size (Code + RO Data)                26916 (  26.29kB)
    Total RW  Size (RW Data + ZI Data)              2664 (   2.60kB)
    Total ROM Size (Code + RO Data + RW Data)      27068 (  26.43kB)

==============================================================================

